Archive member included to satisfy reference by file (symbol)

d:/atmel studio/7.0/toolchain/avr8/avr8-gnu-toolchain/bin/../lib/gcc/avr/5.4.0/avr5\libgcc.a(_udivmodsi4.o)
                              LCD_Program.o (__udivmodsi4)
d:/atmel studio/7.0/toolchain/avr8/avr8-gnu-toolchain/bin/../lib/gcc/avr/5.4.0/avr5\libgcc.a(_exit.o)
                              D:/Atmel Studio/7.0/Packs/atmel/ATmega_DFP/1.7.374/gcc/dev/atmega32/avr5/crtatmega32.o (exit)
d:/atmel studio/7.0/toolchain/avr8/avr8-gnu-toolchain/bin/../lib/gcc/avr/5.4.0/avr5\libgcc.a(_tablejump2.o)
                              HC05_Program.o (__tablejump2__)
d:/atmel studio/7.0/toolchain/avr8/avr8-gnu-toolchain/bin/../lib/gcc/avr/5.4.0/avr5\libgcc.a(_copy_data.o)
                              HC05_Program.o (__do_copy_data)
d:/atmel studio/7.0/toolchain/avr8/avr8-gnu-toolchain/bin/../lib/gcc/avr/5.4.0/avr5\libgcc.a(_clear_bss.o)
                              DCM_program_1.o (__do_clear_bss)
d:/atmel studio/7.0/toolchain/avr8/avr8-gnu-toolchain/bin/../lib/gcc/avr/5.4.0/avr5\libgcc.a(_umulhisi3.o)
                              DCM_program_1.o (__umulhisi3)
d:/atmel studio/7.0/toolchain/avr8/avr8-gnu-toolchain/bin/../lib/gcc/avr/5.4.0/avr5\libgcc.a(_muluhisi3.o)
                              SRVM_Program.o (__muluhisi3)

Discarded input sections

 .data          0x00000000        0x0 D:/Atmel Studio/7.0/Packs/atmel/ATmega_DFP/1.7.374/gcc/dev/atmega32/avr5/crtatmega32.o
 .bss           0x00000000        0x0 D:/Atmel Studio/7.0/Packs/atmel/ATmega_DFP/1.7.374/gcc/dev/atmega32/avr5/crtatmega32.o
 .text          0x00000000        0x0 ADC_Program.o
 .data          0x00000000        0x0 ADC_Program.o
 .bss           0x00000000        0x0 ADC_Program.o
 .text          0x00000000        0x0 BUZZER_Program.o
 .data          0x00000000        0x0 BUZZER_Program.o
 .bss           0x00000000        0x0 BUZZER_Program.o
 .text.BUZZER_Init
                0x00000000        0xa BUZZER_Program.o
 .text          0x00000000        0x0 DCM_program_1.o
 .data          0x00000000        0x0 DCM_program_1.o
 .bss           0x00000000        0x0 DCM_program_1.o
 .text.AC_On    0x00000000       0x14 DCM_program_1.o
 .text.AC_Off   0x00000000       0x14 DCM_program_1.o
 .text          0x00000000        0x0 DIO_Program.o
 .data          0x00000000        0x0 DIO_Program.o
 .bss           0x00000000        0x0 DIO_Program.o
 .text.DIO_TogglePinValue
                0x00000000       0x64 DIO_Program.o
 .text.DIO_ReadPortRegister
                0x00000000       0x28 DIO_Program.o
 .text.DIO_ReadPinRegister
                0x00000000       0x28 DIO_Program.o
 .text.DIO_ReadDDRRegister
                0x00000000       0x28 DIO_Program.o
 .text          0x00000000        0x0 GI_Program.o
 .data          0x00000000        0x0 GI_Program.o
 .bss           0x00000000        0x0 GI_Program.o
 .text.GI_Disable
                0x00000000        0x8 GI_Program.o
 .text          0x00000000        0x0 HC05_Program.o
 .data          0x00000000        0x0 HC05_Program.o
 .bss           0x00000000        0x0 HC05_Program.o
 .text          0x00000000        0x0 Internal_EEPROM_Program.o
 .data          0x00000000        0x0 Internal_EEPROM_Program.o
 .bss           0x00000000        0x0 Internal_EEPROM_Program.o
 .text          0x00000000        0x0 KPD_Program.o
 .data          0x00000000        0x0 KPD_Program.o
 .bss           0x00000000        0x0 KPD_Program.o
 .text          0x00000000        0x0 LCD_Program.o
 .data          0x00000000        0x0 LCD_Program.o
 .bss           0x00000000        0x0 LCD_Program.o
 .text.LCD_WriteIntegerValue
                0x00000000       0xdc LCD_Program.o
 .text          0x00000000        0x0 LED_Program.o
 .data          0x00000000        0x0 LED_Program.o
 .bss           0x00000000        0x0 LED_Program.o
 .text.LED_Toggle
                0x00000000       0x52 LED_Program.o
 .text          0x00000000        0x0 main.o
 .data          0x00000000        0x0 main.o
 .bss           0x00000000        0x0 main.o
 .text          0x00000000        0x0 SRVM_Program.o
 .data          0x00000000        0x0 SRVM_Program.o
 .bss           0x00000000        0x0 SRVM_Program.o
 .text          0x00000000        0x0 TMR_Program.o
 .data          0x00000000        0x0 TMR_Program.o
 .bss           0x00000000        0x0 TMR_Program.o
 .text.TMR_Timer0Init
                0x00000000       0x14 TMR_Program.o
 .text.TMR_Timer0Start
                0x00000000       0x14 TMR_Program.o
 .text.TMR_Timer0Stop
                0x00000000       0x14 TMR_Program.o
 .text.TMR_Timer0SetPreloadValue
                0x00000000        0x4 TMR_Program.o
 .text.TMR_Timer0SetCompareMatchValue
                0x00000000        0x4 TMR_Program.o
 .text.TMR_Timer0Set_PWM_DutyCycle
                0x00000000       0x24 TMR_Program.o
 .text.TMR_Timer0_CTC_SetCallBack
                0x00000000        0xe TMR_Program.o
 .text.TMR_Timer0_OVF_SetCallBack
                0x00000000        0xe TMR_Program.o
 .text.TMR_Timer1SetCompareMatchValue
                0x00000000       0x16 TMR_Program.o
 .text.TMR_Timer1_OVF1_SetCallBack
                0x00000000        0xe TMR_Program.o
 .text.TMR_Timer1_CTC1A_SetCallBack
                0x00000000        0xe TMR_Program.o
 .text.TMR_Timer1_CTC1B_SetCallBack
                0x00000000        0xe TMR_Program.o
 .text.TMR_Timer2SetCompareMatchValue
                0x00000000        0x4 TMR_Program.o
 .text.TMR_Timer2SetPreloadValue
                0x00000000        0x4 TMR_Program.o
 .text.TMR_Timer2_CTC_SetCallBack
                0x00000000        0xe TMR_Program.o
 .text.TMR_Timer2_OVF_SetCallBack
                0x00000000        0xe TMR_Program.o
 .text          0x00000000        0x0 UART_Program.o
 .data          0x00000000        0x0 UART_Program.o
 .bss           0x00000000        0x0 UART_Program.o
 .text.UART_TxCharAsynchronous
                0x00000000        0x4 UART_Program.o
 .text.UART_RxChar
                0x00000000       0x10 UART_Program.o
 .text.UART_RxCharAsynchronous
                0x00000000        0xc UART_Program.o
 .text.UART_TxCompleteSetCallback
                0x00000000        0xe UART_Program.o
 .text.UART_DataRegEmptySetCallback
                0x00000000        0xe UART_Program.o
 .text          0x00000000        0x0 USERS.o
 .data          0x00000000        0x0 USERS.o
 .bss           0x00000000        0x0 USERS.o
 .text.USER_EXIST
                0x00000000        0x6 USERS.o
 .text          0x00000000        0x0 d:/atmel studio/7.0/toolchain/avr8/avr8-gnu-toolchain/bin/../lib/gcc/avr/5.4.0/avr5\libgcc.a(_udivmodsi4.o)
 .data          0x00000000        0x0 d:/atmel studio/7.0/toolchain/avr8/avr8-gnu-toolchain/bin/../lib/gcc/avr/5.4.0/avr5\libgcc.a(_udivmodsi4.o)
 .bss           0x00000000        0x0 d:/atmel studio/7.0/toolchain/avr8/avr8-gnu-toolchain/bin/../lib/gcc/avr/5.4.0/avr5\libgcc.a(_udivmodsi4.o)
 .text.libgcc.mul
                0x00000000        0x0 d:/atmel studio/7.0/toolchain/avr8/avr8-gnu-toolchain/bin/../lib/gcc/avr/5.4.0/avr5\libgcc.a(_udivmodsi4.o)
 .text.libgcc   0x00000000        0x0 d:/atmel studio/7.0/toolchain/avr8/avr8-gnu-toolchain/bin/../lib/gcc/avr/5.4.0/avr5\libgcc.a(_udivmodsi4.o)
 .text.libgcc.prologue
                0x00000000        0x0 d:/atmel studio/7.0/toolchain/avr8/avr8-gnu-toolchain/bin/../lib/gcc/avr/5.4.0/avr5\libgcc.a(_udivmodsi4.o)
 .text.libgcc.builtins
                0x00000000        0x0 d:/atmel studio/7.0/toolchain/avr8/avr8-gnu-toolchain/bin/../lib/gcc/avr/5.4.0/avr5\libgcc.a(_udivmodsi4.o)
 .text.libgcc.fmul
                0x00000000        0x0 d:/atmel studio/7.0/toolchain/avr8/avr8-gnu-toolchain/bin/../lib/gcc/avr/5.4.0/avr5\libgcc.a(_udivmodsi4.o)
 .text.libgcc.fixed
                0x00000000        0x0 d:/atmel studio/7.0/toolchain/avr8/avr8-gnu-toolchain/bin/../lib/gcc/avr/5.4.0/avr5\libgcc.a(_udivmodsi4.o)
 .text          0x00000000        0x0 d:/atmel studio/7.0/toolchain/avr8/avr8-gnu-toolchain/bin/../lib/gcc/avr/5.4.0/avr5\libgcc.a(_exit.o)
 .data          0x00000000        0x0 d:/atmel studio/7.0/toolchain/avr8/avr8-gnu-toolchain/bin/../lib/gcc/avr/5.4.0/avr5\libgcc.a(_exit.o)
 .bss           0x00000000        0x0 d:/atmel studio/7.0/toolchain/avr8/avr8-gnu-toolchain/bin/../lib/gcc/avr/5.4.0/avr5\libgcc.a(_exit.o)
 .text.libgcc.mul
                0x00000000        0x0 d:/atmel studio/7.0/toolchain/avr8/avr8-gnu-toolchain/bin/../lib/gcc/avr/5.4.0/avr5\libgcc.a(_exit.o)
 .text.libgcc.div
                0x00000000        0x0 d:/atmel studio/7.0/toolchain/avr8/avr8-gnu-toolchain/bin/../lib/gcc/avr/5.4.0/avr5\libgcc.a(_exit.o)
 .text.libgcc   0x00000000        0x0 d:/atmel studio/7.0/toolchain/avr8/avr8-gnu-toolchain/bin/../lib/gcc/avr/5.4.0/avr5\libgcc.a(_exit.o)
 .text.libgcc.prologue
                0x00000000        0x0 d:/atmel studio/7.0/toolchain/avr8/avr8-gnu-toolchain/bin/../lib/gcc/avr/5.4.0/avr5\libgcc.a(_exit.o)
 .text.libgcc.builtins
                0x00000000        0x0 d:/atmel studio/7.0/toolchain/avr8/avr8-gnu-toolchain/bin/../lib/gcc/avr/5.4.0/avr5\libgcc.a(_exit.o)
 .text.libgcc.fmul
                0x00000000        0x0 d:/atmel studio/7.0/toolchain/avr8/avr8-gnu-toolchain/bin/../lib/gcc/avr/5.4.0/avr5\libgcc.a(_exit.o)
 .text.libgcc.fixed
                0x00000000        0x0 d:/atmel studio/7.0/toolchain/avr8/avr8-gnu-toolchain/bin/../lib/gcc/avr/5.4.0/avr5\libgcc.a(_exit.o)
 .text          0x00000000        0x0 d:/atmel studio/7.0/toolchain/avr8/avr8-gnu-toolchain/bin/../lib/gcc/avr/5.4.0/avr5\libgcc.a(_tablejump2.o)
 .data          0x00000000        0x0 d:/atmel studio/7.0/toolchain/avr8/avr8-gnu-toolchain/bin/../lib/gcc/avr/5.4.0/avr5\libgcc.a(_tablejump2.o)
 .bss           0x00000000        0x0 d:/atmel studio/7.0/toolchain/avr8/avr8-gnu-toolchain/bin/../lib/gcc/avr/5.4.0/avr5\libgcc.a(_tablejump2.o)
 .text.libgcc.mul
                0x00000000        0x0 d:/atmel studio/7.0/toolchain/avr8/avr8-gnu-toolchain/bin/../lib/gcc/avr/5.4.0/avr5\libgcc.a(_tablejump2.o)
 .text.libgcc.div
                0x00000000        0x0 d:/atmel studio/7.0/toolchain/avr8/avr8-gnu-toolchain/bin/../lib/gcc/avr/5.4.0/avr5\libgcc.a(_tablejump2.o)
 .text.libgcc.prologue
                0x00000000        0x0 d:/atmel studio/7.0/toolchain/avr8/avr8-gnu-toolchain/bin/../lib/gcc/avr/5.4.0/avr5\libgcc.a(_tablejump2.o)
 .text.libgcc.builtins
                0x00000000        0x0 d:/atmel studio/7.0/toolchain/avr8/avr8-gnu-toolchain/bin/../lib/gcc/avr/5.4.0/avr5\libgcc.a(_tablejump2.o)
 .text.libgcc.fmul
                0x00000000        0x0 d:/atmel studio/7.0/toolchain/avr8/avr8-gnu-toolchain/bin/../lib/gcc/avr/5.4.0/avr5\libgcc.a(_tablejump2.o)
 .text.libgcc.fixed
                0x00000000        0x0 d:/atmel studio/7.0/toolchain/avr8/avr8-gnu-toolchain/bin/../lib/gcc/avr/5.4.0/avr5\libgcc.a(_tablejump2.o)
 .text          0x00000000        0x0 d:/atmel studio/7.0/toolchain/avr8/avr8-gnu-toolchain/bin/../lib/gcc/avr/5.4.0/avr5\libgcc.a(_copy_data.o)
 .data          0x00000000        0x0 d:/atmel studio/7.0/toolchain/avr8/avr8-gnu-toolchain/bin/../lib/gcc/avr/5.4.0/avr5\libgcc.a(_copy_data.o)
 .bss           0x00000000        0x0 d:/atmel studio/7.0/toolchain/avr8/avr8-gnu-toolchain/bin/../lib/gcc/avr/5.4.0/avr5\libgcc.a(_copy_data.o)
 .text.libgcc.mul
                0x00000000        0x0 d:/atmel studio/7.0/toolchain/avr8/avr8-gnu-toolchain/bin/../lib/gcc/avr/5.4.0/avr5\libgcc.a(_copy_data.o)
 .text.libgcc.div
                0x00000000        0x0 d:/atmel studio/7.0/toolchain/avr8/avr8-gnu-toolchain/bin/../lib/gcc/avr/5.4.0/avr5\libgcc.a(_copy_data.o)
 .text.libgcc   0x00000000        0x0 d:/atmel studio/7.0/toolchain/avr8/avr8-gnu-toolchain/bin/../lib/gcc/avr/5.4.0/avr5\libgcc.a(_copy_data.o)
 .text.libgcc.prologue
                0x00000000        0x0 d:/atmel studio/7.0/toolchain/avr8/avr8-gnu-toolchain/bin/../lib/gcc/avr/5.4.0/avr5\libgcc.a(_copy_data.o)
 .text.libgcc.builtins
                0x00000000        0x0 d:/atmel studio/7.0/toolchain/avr8/avr8-gnu-toolchain/bin/../lib/gcc/avr/5.4.0/avr5\libgcc.a(_copy_data.o)
 .text.libgcc.fmul
                0x00000000        0x0 d:/atmel studio/7.0/toolchain/avr8/avr8-gnu-toolchain/bin/../lib/gcc/avr/5.4.0/avr5\libgcc.a(_copy_data.o)
 .text.libgcc.fixed
                0x00000000        0x0 d:/atmel studio/7.0/toolchain/avr8/avr8-gnu-toolchain/bin/../lib/gcc/avr/5.4.0/avr5\libgcc.a(_copy_data.o)
 .text          0x00000000        0x0 d:/atmel studio/7.0/toolchain/avr8/avr8-gnu-toolchain/bin/../lib/gcc/avr/5.4.0/avr5\libgcc.a(_clear_bss.o)
 .data          0x00000000        0x0 d:/atmel studio/7.0/toolchain/avr8/avr8-gnu-toolchain/bin/../lib/gcc/avr/5.4.0/avr5\libgcc.a(_clear_bss.o)
 .bss           0x00000000        0x0 d:/atmel studio/7.0/toolchain/avr8/avr8-gnu-toolchain/bin/../lib/gcc/avr/5.4.0/avr5\libgcc.a(_clear_bss.o)
 .text.libgcc.mul
                0x00000000        0x0 d:/atmel studio/7.0/toolchain/avr8/avr8-gnu-toolchain/bin/../lib/gcc/avr/5.4.0/avr5\libgcc.a(_clear_bss.o)
 .text.libgcc.div
                0x00000000        0x0 d:/atmel studio/7.0/toolchain/avr8/avr8-gnu-toolchain/bin/../lib/gcc/avr/5.4.0/avr5\libgcc.a(_clear_bss.o)
 .text.libgcc   0x00000000        0x0 d:/atmel studio/7.0/toolchain/avr8/avr8-gnu-toolchain/bin/../lib/gcc/avr/5.4.0/avr5\libgcc.a(_clear_bss.o)
 .text.libgcc.prologue
                0x00000000        0x0 d:/atmel studio/7.0/toolchain/avr8/avr8-gnu-toolchain/bin/../lib/gcc/avr/5.4.0/avr5\libgcc.a(_clear_bss.o)
 .text.libgcc.builtins
                0x00000000        0x0 d:/atmel studio/7.0/toolchain/avr8/avr8-gnu-toolchain/bin/../lib/gcc/avr/5.4.0/avr5\libgcc.a(_clear_bss.o)
 .text.libgcc.fmul
                0x00000000        0x0 d:/atmel studio/7.0/toolchain/avr8/avr8-gnu-toolchain/bin/../lib/gcc/avr/5.4.0/avr5\libgcc.a(_clear_bss.o)
 .text.libgcc.fixed
                0x00000000        0x0 d:/atmel studio/7.0/toolchain/avr8/avr8-gnu-toolchain/bin/../lib/gcc/avr/5.4.0/avr5\libgcc.a(_clear_bss.o)
 .text          0x00000000        0x0 d:/atmel studio/7.0/toolchain/avr8/avr8-gnu-toolchain/bin/../lib/gcc/avr/5.4.0/avr5\libgcc.a(_umulhisi3.o)
 .data          0x00000000        0x0 d:/atmel studio/7.0/toolchain/avr8/avr8-gnu-toolchain/bin/../lib/gcc/avr/5.4.0/avr5\libgcc.a(_umulhisi3.o)
 .bss           0x00000000        0x0 d:/atmel studio/7.0/toolchain/avr8/avr8-gnu-toolchain/bin/../lib/gcc/avr/5.4.0/avr5\libgcc.a(_umulhisi3.o)
 .text.libgcc.div
                0x00000000        0x0 d:/atmel studio/7.0/toolchain/avr8/avr8-gnu-toolchain/bin/../lib/gcc/avr/5.4.0/avr5\libgcc.a(_umulhisi3.o)
 .text.libgcc   0x00000000        0x0 d:/atmel studio/7.0/toolchain/avr8/avr8-gnu-toolchain/bin/../lib/gcc/avr/5.4.0/avr5\libgcc.a(_umulhisi3.o)
 .text.libgcc.prologue
                0x00000000        0x0 d:/atmel studio/7.0/toolchain/avr8/avr8-gnu-toolchain/bin/../lib/gcc/avr/5.4.0/avr5\libgcc.a(_umulhisi3.o)
 .text.libgcc.builtins
                0x00000000        0x0 d:/atmel studio/7.0/toolchain/avr8/avr8-gnu-toolchain/bin/../lib/gcc/avr/5.4.0/avr5\libgcc.a(_umulhisi3.o)
 .text.libgcc.fmul
                0x00000000        0x0 d:/atmel studio/7.0/toolchain/avr8/avr8-gnu-toolchain/bin/../lib/gcc/avr/5.4.0/avr5\libgcc.a(_umulhisi3.o)
 .text.libgcc.fixed
                0x00000000        0x0 d:/atmel studio/7.0/toolchain/avr8/avr8-gnu-toolchain/bin/../lib/gcc/avr/5.4.0/avr5\libgcc.a(_umulhisi3.o)
 .text          0x00000000        0x0 d:/atmel studio/7.0/toolchain/avr8/avr8-gnu-toolchain/bin/../lib/gcc/avr/5.4.0/avr5\libgcc.a(_muluhisi3.o)
 .data          0x00000000        0x0 d:/atmel studio/7.0/toolchain/avr8/avr8-gnu-toolchain/bin/../lib/gcc/avr/5.4.0/avr5\libgcc.a(_muluhisi3.o)
 .bss           0x00000000        0x0 d:/atmel studio/7.0/toolchain/avr8/avr8-gnu-toolchain/bin/../lib/gcc/avr/5.4.0/avr5\libgcc.a(_muluhisi3.o)
 .text.libgcc.div
                0x00000000        0x0 d:/atmel studio/7.0/toolchain/avr8/avr8-gnu-toolchain/bin/../lib/gcc/avr/5.4.0/avr5\libgcc.a(_muluhisi3.o)
 .text.libgcc   0x00000000        0x0 d:/atmel studio/7.0/toolchain/avr8/avr8-gnu-toolchain/bin/../lib/gcc/avr/5.4.0/avr5\libgcc.a(_muluhisi3.o)
 .text.libgcc.prologue
                0x00000000        0x0 d:/atmel studio/7.0/toolchain/avr8/avr8-gnu-toolchain/bin/../lib/gcc/avr/5.4.0/avr5\libgcc.a(_muluhisi3.o)
 .text.libgcc.builtins
                0x00000000        0x0 d:/atmel studio/7.0/toolchain/avr8/avr8-gnu-toolchain/bin/../lib/gcc/avr/5.4.0/avr5\libgcc.a(_muluhisi3.o)
 .text.libgcc.fmul
                0x00000000        0x0 d:/atmel studio/7.0/toolchain/avr8/avr8-gnu-toolchain/bin/../lib/gcc/avr/5.4.0/avr5\libgcc.a(_muluhisi3.o)
 .text.libgcc.fixed
                0x00000000        0x0 d:/atmel studio/7.0/toolchain/avr8/avr8-gnu-toolchain/bin/../lib/gcc/avr/5.4.0/avr5\libgcc.a(_muluhisi3.o)

Memory Configuration

Name             Origin             Length             Attributes
text             0x00000000         0x00008000         xr
data             0x00800060         0x00000800         rw !x
eeprom           0x00810000         0x00000400         rw !x
fuse             0x00820000         0x00000002         rw !x
lock             0x00830000         0x00000400         rw !x
signature        0x00840000         0x00000400         rw !x
user_signatures  0x00850000         0x00000400         rw !x
*default*        0x00000000         0xffffffff

Linker script and memory map

LOAD D:/Atmel Studio/7.0/Packs/atmel/ATmega_DFP/1.7.374/gcc/dev/atmega32/avr5/crtatmega32.o
LOAD ADC_Program.o
LOAD BUZZER_Program.o
LOAD DCM_program_1.o
LOAD DIO_Program.o
LOAD GI_Program.o
LOAD HC05_Program.o
LOAD Internal_EEPROM_Program.o
LOAD KPD_Program.o
LOAD LCD_Program.o
LOAD LED_Program.o
LOAD main.o
LOAD SRVM_Program.o
LOAD TMR_Program.o
LOAD UART_Program.o
LOAD USERS.o
START GROUP
LOAD d:/atmel studio/7.0/toolchain/avr8/avr8-gnu-toolchain/bin/../lib/gcc/avr/5.4.0/../../../../avr/lib/avr5\libm.a
END GROUP
START GROUP
LOAD d:/atmel studio/7.0/toolchain/avr8/avr8-gnu-toolchain/bin/../lib/gcc/avr/5.4.0/avr5\libgcc.a
LOAD d:/atmel studio/7.0/toolchain/avr8/avr8-gnu-toolchain/bin/../lib/gcc/avr/5.4.0/../../../../avr/lib/avr5\libm.a
LOAD d:/atmel studio/7.0/toolchain/avr8/avr8-gnu-toolchain/bin/../lib/gcc/avr/5.4.0/../../../../avr/lib/avr5\libc.a
LOAD D:/Atmel Studio/7.0/Packs/atmel/ATmega_DFP/1.7.374/gcc/dev/atmega32/avr5\libatmega32.a
END GROUP
                0x00000000                __TEXT_REGION_ORIGIN__ = DEFINED (__TEXT_REGION_ORIGIN__)?__TEXT_REGION_ORIGIN__:0x0
                [0x00800060]                __DATA_REGION_ORIGIN__ = DEFINED (__DATA_REGION_ORIGIN__)?__DATA_REGION_ORIGIN__:0x800060
                [0x00008000]                __TEXT_REGION_LENGTH__ = DEFINED (__TEXT_REGION_LENGTH__)?__TEXT_REGION_LENGTH__:0x20000
                [0x00000800]                __DATA_REGION_LENGTH__ = DEFINED (__DATA_REGION_LENGTH__)?__DATA_REGION_LENGTH__:0xffa0
                [0x00000400]                __EEPROM_REGION_LENGTH__ = DEFINED (__EEPROM_REGION_LENGTH__)?__EEPROM_REGION_LENGTH__:0x10000
                [0x00000002]                __FUSE_REGION_LENGTH__ = DEFINED (__FUSE_REGION_LENGTH__)?__FUSE_REGION_LENGTH__:0x400
                0x00000400                __LOCK_REGION_LENGTH__ = DEFINED (__LOCK_REGION_LENGTH__)?__LOCK_REGION_LENGTH__:0x400
                0x00000400                __SIGNATURE_REGION_LENGTH__ = DEFINED (__SIGNATURE_REGION_LENGTH__)?__SIGNATURE_REGION_LENGTH__:0x400
                0x00000400                __USER_SIGNATURE_REGION_LENGTH__ = DEFINED (__USER_SIGNATURE_REGION_LENGTH__)?__USER_SIGNATURE_REGION_LENGTH__:0x400

.hash
 *(.hash)

.dynsym
 *(.dynsym)

.dynstr
 *(.dynstr)

.gnu.version
 *(.gnu.version)

.gnu.version_d
 *(.gnu.version_d)

.gnu.version_r
 *(.gnu.version_r)

.rel.init
 *(.rel.init)

.rela.init
 *(.rela.init)

.rel.text
 *(.rel.text)
 *(.rel.text.*)
 *(.rel.gnu.linkonce.t*)

.rela.text
 *(.rela.text)
 *(.rela.text.*)
 *(.rela.gnu.linkonce.t*)

.rel.fini
 *(.rel.fini)

.rela.fini
 *(.rela.fini)

.rel.rodata
 *(.rel.rodata)
 *(.rel.rodata.*)
 *(.rel.gnu.linkonce.r*)

.rela.rodata
 *(.rela.rodata)
 *(.rela.rodata.*)
 *(.rela.gnu.linkonce.r*)

.rel.data
 *(.rel.data)
 *(.rel.data.*)
 *(.rel.gnu.linkonce.d*)

.rela.data
 *(.rela.data)
 *(.rela.data.*)
 *(.rela.gnu.linkonce.d*)

.rel.ctors
 *(.rel.ctors)

.rela.ctors
 *(.rela.ctors)

.rel.dtors
 *(.rel.dtors)

.rela.dtors
 *(.rela.dtors)

.rel.got
 *(.rel.got)

.rela.got
 *(.rela.got)

.rel.bss
 *(.rel.bss)

.rela.bss
 *(.rela.bss)

.rel.plt
 *(.rel.plt)

.rela.plt
 *(.rela.plt)

.text           0x00000000     0x21ea
 *(.vectors)
 .vectors       0x00000000       0x54 D:/Atmel Studio/7.0/Packs/atmel/ATmega_DFP/1.7.374/gcc/dev/atmega32/avr5/crtatmega32.o
                0x00000000                __vector_default
                0x00000000                __vectors
 *(.vectors)
 *(.progmem.gcc*)
 .progmem.gcc_sw_table.HC05_AdminUserInterface
                0x00000054       0x1a HC05_Program.o
                0x0000006e                . = ALIGN (0x2)
                0x0000006e                __trampolines_start = .
 *(.trampolines)
 .trampolines   0x0000006e        0x0 linker stubs
 *(.trampolines*)
                0x0000006e                __trampolines_end = .
 *libprintf_flt.a:*(.progmem.data)
 *libc.a:*(.progmem.data)
 *(.progmem*)
                0x0000006e                . = ALIGN (0x2)
 *(.jumptables)
 *(.jumptables*)
 *(.lowtext)
 *(.lowtext*)
                0x0000006e                __ctors_start = .
 *(.ctors)
                0x0000006e                __ctors_end = .
                0x0000006e                __dtors_start = .
 *(.dtors)
                0x0000006e                __dtors_end = .
 SORT(*)(.ctors)
 SORT(*)(.dtors)
 *(.init0)
 .init0         0x0000006e        0x0 D:/Atmel Studio/7.0/Packs/atmel/ATmega_DFP/1.7.374/gcc/dev/atmega32/avr5/crtatmega32.o
                0x0000006e                __init
 *(.init0)
 *(.init1)
 *(.init1)
 *(.init2)
 .init2         0x0000006e        0xc D:/Atmel Studio/7.0/Packs/atmel/ATmega_DFP/1.7.374/gcc/dev/atmega32/avr5/crtatmega32.o
 *(.init2)
 *(.init3)
 *(.init3)
 *(.init4)
 .init4         0x0000007a       0x16 d:/atmel studio/7.0/toolchain/avr8/avr8-gnu-toolchain/bin/../lib/gcc/avr/5.4.0/avr5\libgcc.a(_copy_data.o)
                0x0000007a                __do_copy_data
 .init4         0x00000090       0x10 d:/atmel studio/7.0/toolchain/avr8/avr8-gnu-toolchain/bin/../lib/gcc/avr/5.4.0/avr5\libgcc.a(_clear_bss.o)
                0x00000090                __do_clear_bss
 *(.init4)
 *(.init5)
 *(.init5)
 *(.init6)
 *(.init6)
 *(.init7)
 *(.init7)
 *(.init8)
 *(.init8)
 *(.init9)
 .init9         0x000000a0        0x8 D:/Atmel Studio/7.0/Packs/atmel/ATmega_DFP/1.7.374/gcc/dev/atmega32/avr5/crtatmega32.o
 *(.init9)
 *(.text)
 .text          0x000000a8        0x4 D:/Atmel Studio/7.0/Packs/atmel/ATmega_DFP/1.7.374/gcc/dev/atmega32/avr5/crtatmega32.o
                0x000000a8                __vector_1
                0x000000a8                __vector_12
                0x000000a8                __bad_interrupt
                0x000000a8                __vector_6
                0x000000a8                __vector_3
                0x000000a8                __vector_17
                0x000000a8                __vector_19
                0x000000a8                __vector_2
                0x000000a8                __vector_16
                0x000000a8                __vector_18
                0x000000a8                __vector_20
                0x000000ac                . = ALIGN (0x2)
 *(.text.*)
 .text.ADC_Init
                0x000000ac       0x12 ADC_Program.o
                0x000000ac                ADC_Init
 .text.ADC_GetDigitalValue
                0x000000be       0x2a ADC_Program.o
                0x000000be                ADC_GetDigitalValue
 .text.BUZZER_On
                0x000000e8        0xa BUZZER_Program.o
                0x000000e8                BUZZER_On
 .text.BUZZER_Off
                0x000000f2        0xa BUZZER_Program.o
                0x000000f2                BUZZER_Off
 .text.AC_Auto  0x000000fc       0x60 DCM_program_1.o
                0x000000fc                AC_Auto
 .text.DIO_SetPinDirection
                0x0000015c       0xda DIO_Program.o
                0x0000015c                DIO_SetPinDirection
 .text.DIO_SetPinValue
                0x00000236       0xda DIO_Program.o
                0x00000236                DIO_SetPinValue
 .text.DIO_ReadPinValue
                0x00000310       0xc0 DIO_Program.o
                0x00000310                DIO_ReadPinValue
 .text.DIO_ReadOutputPinValue
                0x000003d0       0xc0 DIO_Program.o
                0x000003d0                DIO_ReadOutputPinValue
 .text.DIO_WriteHalfPort
                0x00000490       0x62 DIO_Program.o
                0x00000490                DIO_WriteHalfPort
 .text.DIO_ActivatePullUp
                0x000004f2       0xb8 DIO_Program.o
                0x000004f2                DIO_ActivatePullUp
 .text.DIO_ReadDDRPinValue
                0x000005aa       0xc0 DIO_Program.o
                0x000005aa                DIO_ReadDDRPinValue
 .text.GI_Enable
                0x0000066a        0x8 GI_Program.o
                0x0000066a                GI_Enable
 .text.HC05_WelcomeMessage
                0x00000672       0x20 HC05_Program.o
                0x00000672                HC05_WelcomeMessage
 .text.HC05_AdminUsernamePasswordSaver
                0x00000692       0x3c HC05_Program.o
                0x00000692                HC05_AdminUsernamePasswordSaver
 .text.HC05_UsernamePasswordCheck
                0x000006ce      0x138 HC05_Program.o
                0x000006ce                HC05_UsernamePasswordCheck
 .text.HC05_AdminLoginCheck
                0x00000806        0x6 HC05_Program.o
                0x00000806                HC05_AdminLoginCheck
 .text.HC05_AdminUserChoiceList
                0x0000080c       0x38 HC05_Program.o
                0x0000080c                HC05_AdminUserChoiceList
 .text.HC05_AdminUserLEDChoice
                0x00000844       0x38 HC05_Program.o
                0x00000844                HC05_AdminUserLEDChoice
 .text.HC05_UserNamePasswordExist
                0x0000087c       0x62 HC05_Program.o
                0x0000087c                HC05_UserNamePasswordExist
 .text.HC05_AddNewUser
                0x000008de       0x92 HC05_Program.o
                0x000008de                HC05_AddNewUser
 .text.HC05_DeleteUser
                0x00000970       0xb0 HC05_Program.o
                0x00000970                HC05_DeleteUser
 .text.HC05_AdminUserInterface
                0x00000a20      0x498 HC05_Program.o
                0x00000a20                HC05_AdminUserInterface
 .text.HC05_ShowRunningDevices
                0x00000eb8      0x106 HC05_Program.o
                0x00000eb8                HC05_ShowRunningDevices
 .text.HC05_AdminApproval
                0x00000fbe       0x18 HC05_Program.o
                0x00000fbe                HC05_AdminApproval
 .text.HC05_ScreenChangeToAdminResponse
                0x00000fd6       0x10 HC05_Program.o
                0x00000fd6                HC05_ScreenChangeToAdminResponse
 .text.Internal_EEPROM_WriteByte
                0x00000fe6       0x18 Internal_EEPROM_Program.o
                0x00000fe6                Internal_EEPROM_WriteByte
 .text.Internal_EEPROM_ReadByte
                0x00000ffe       0x20 Internal_EEPROM_Program.o
                0x00000ffe                Internal_EEPROM_ReadByte
 .text.KPD_Init
                0x0000101e       0x98 KPD_Program.o
                0x0000101e                KPD_Init
 .text.KPD_GetValue
                0x000010b6      0x11c KPD_Program.o
                0x000010b6                KPD_GetValue
 .text.LCD_Peek
                0x000011d2       0x20 LCD_Program.o
                0x000011d2                LCD_Peek
 .text.LCD_WriteCommand4Bit
                0x000011f2       0x7a LCD_Program.o
                0x000011f2                LCD_WriteCommand4Bit
 .text.LCD_SetCursorPosition
                0x0000126c       0x1a LCD_Program.o
                0x0000126c                LCD_SetCursorPosition
 .text.LCD_WriteChar4Bit
                0x00001286       0x7a LCD_Program.o
                0x00001286                LCD_WriteChar4Bit
 .text.LCD_WriteString
                0x00001300       0x2a LCD_Program.o
                0x00001300                LCD_WriteString
 .text.LCD_ClearDisplay
                0x0000132a        0x6 LCD_Program.o
                0x0000132a                LCD_ClearDisplay
 .text.LCD_Init
                0x00001330       0xb2 LCD_Program.o
                0x00001330                LCD_Init
 .text.LED_On   0x000013e2       0x54 LED_Program.o
                0x000013e2                LED_On
 .text.LED_Off  0x00001436       0x54 LED_Program.o
                0x00001436                LED_Off
 .text.startup.main
                0x0000148a       0xfe main.o
                0x0000148a                main
 .text.SRVM_Init
                0x00001588       0x14 SRVM_Program.o
                0x00001588                SRVM_Init
 .text.SRVM_SetRotationAngle
                0x0000159c       0x5e SRVM_Program.o
                0x0000159c                SRVM_SetRotationAngle
 .text.__vector_10
                0x000015fa       0x52 TMR_Program.o
                0x000015fa                __vector_10
 .text.__vector_11
                0x0000164c       0x52 TMR_Program.o
                0x0000164c                __vector_11
 .text.TMR_Timer1Init
                0x0000169e       0x2a TMR_Program.o
                0x0000169e                TMR_Timer1Init
 .text.TMR_Timer1Start
                0x000016c8       0x14 TMR_Program.o
                0x000016c8                TMR_Timer1Start
 .text.TMR_Timer1Stop
                0x000016dc       0x14 TMR_Program.o
                0x000016dc                TMR_Timer1Stop
 .text.TMR_Timer1SetPWMDutyCycle
                0x000016f0       0x46 TMR_Program.o
                0x000016f0                TMR_Timer1SetPWMDutyCycle
 .text.TMR_Timer1SetFastPWMFreq
                0x00001736       0x36 TMR_Program.o
                0x00001736                TMR_Timer1SetFastPWMFreq
 .text.__vector_7
                0x0000176c       0x52 TMR_Program.o
                0x0000176c                __vector_7
 .text.__vector_8
                0x000017be       0x52 TMR_Program.o
                0x000017be                __vector_8
 .text.__vector_9
                0x00001810       0x52 TMR_Program.o
                0x00001810                __vector_9
 .text.TMR_Timer2Init
                0x00001862       0x1c TMR_Program.o
                0x00001862                TMR_Timer2Init
 .text.TMR_Timer2Start
                0x0000187e       0x14 TMR_Program.o
                0x0000187e                TMR_Timer2Start
 .text.TMR_Timer2Stop
                0x00001892       0x14 TMR_Program.o
                0x00001892                TMR_Timer2Stop
 .text.TMR_Timer2Set_PWM_DutyCycle
                0x000018a6       0x24 TMR_Program.o
                0x000018a6                TMR_Timer2Set_PWM_DutyCycle
 .text.__vector_4
                0x000018ca       0x52 TMR_Program.o
                0x000018ca                __vector_4
 .text.__vector_5
                0x0000191c       0x52 TMR_Program.o
                0x0000191c                __vector_5
 .text.UART_Init
                0x0000196e       0x18 UART_Program.o
                0x0000196e                UART_Init
 .text.UART_TxChar
                0x00001986        0x8 UART_Program.o
                0x00001986                UART_TxChar
 .text.UART_TxString
                0x0000198e       0x2a UART_Program.o
                0x0000198e                UART_TxString
 .text.UART_RxString
                0x000019b8       0x26 UART_Program.o
                0x000019b8                UART_RxString
 .text.UART_RxCompleteSetCallback
                0x000019de        0xe UART_Program.o
                0x000019de                UART_RxCompleteSetCallback
 .text.__vector_13
                0x000019ec       0x52 UART_Program.o
                0x000019ec                __vector_13
 .text.__vector_14
                0x00001a3e       0x52 UART_Program.o
                0x00001a3e                __vector_14
 .text.__vector_15
                0x00001a90       0x52 UART_Program.o
                0x00001a90                __vector_15
 .text.USER_PROGRAM_START
                0x00001ae2       0x36 USERS.o
                0x00001ae2                USER_PROGRAM_START
 .text.USER_LOGIN
                0x00001b18      0x1e2 USERS.o
                0x00001b18                USER_LOGIN
 .text.USER_Control_Leds
                0x00001cfa      0x322 USERS.o
                0x00001cfa                USER_Control_Leds
 .text.USER_LOGOUT
                0x0000201c       0x24 USERS.o
                0x0000201c                USER_LOGOUT
 .text.USER_PROGRAM
                0x00002040      0x106 USERS.o
                0x00002040                USER_PROGRAM
 .text.USER_APP
                0x00002146       0x1c USERS.o
                0x00002146                USER_APP
 .text.libgcc.div
                0x00002162       0x44 d:/atmel studio/7.0/toolchain/avr8/avr8-gnu-toolchain/bin/../lib/gcc/avr/5.4.0/avr5\libgcc.a(_udivmodsi4.o)
                0x00002162                __udivmodsi4
 .text.libgcc   0x000021a6        0xc d:/atmel studio/7.0/toolchain/avr8/avr8-gnu-toolchain/bin/../lib/gcc/avr/5.4.0/avr5\libgcc.a(_tablejump2.o)
                0x000021a6                __tablejump2__
 .text.libgcc.mul
                0x000021b2       0x1e d:/atmel studio/7.0/toolchain/avr8/avr8-gnu-toolchain/bin/../lib/gcc/avr/5.4.0/avr5\libgcc.a(_umulhisi3.o)
                0x000021b2                __umulhisi3
 .text.libgcc.mul
                0x000021d0       0x16 d:/atmel studio/7.0/toolchain/avr8/avr8-gnu-toolchain/bin/../lib/gcc/avr/5.4.0/avr5\libgcc.a(_muluhisi3.o)
                0x000021d0                __muluhisi3
                0x000021e6                . = ALIGN (0x2)
 *(.fini9)
 .fini9         0x000021e6        0x0 d:/atmel studio/7.0/toolchain/avr8/avr8-gnu-toolchain/bin/../lib/gcc/avr/5.4.0/avr5\libgcc.a(_exit.o)
                0x000021e6                _exit
                0x000021e6                exit
 *(.fini9)
 *(.fini8)
 *(.fini8)
 *(.fini7)
 *(.fini7)
 *(.fini6)
 *(.fini6)
 *(.fini5)
 *(.fini5)
 *(.fini4)
 *(.fini4)
 *(.fini3)
 *(.fini3)
 *(.fini2)
 *(.fini2)
 *(.fini1)
 *(.fini1)
 *(.fini0)
 .fini0         0x000021e6        0x4 d:/atmel studio/7.0/toolchain/avr8/avr8-gnu-toolchain/bin/../lib/gcc/avr/5.4.0/avr5\libgcc.a(_exit.o)
 *(.fini0)
                0x000021ea                _etext = .

.data           0x00800060      0x798 load address 0x000021ea
                0x00800060                PROVIDE (__data_start, .)
 *(.data)
 *(.data*)
 .data.glbl_u8AdminApproval
                0x00800060        0x1 HC05_Program.o
 *(.gnu.linkonce.d*)
 *(.rodata)
 .rodata        0x00800061       0x10 KPD_Program.o
 *(.rodata*)
 .rodata.str1.1
                0x00800071      0x5e9 HC05_Program.o
 .rodata.KPD_RowsPins
                0x0080065a        0x4 KPD_Program.o
 .rodata.KPD_ColumnsPins
                0x0080065e        0x4 KPD_Program.o
 .rodata.str1.1
                0x00800662       0x29 main.o
 .rodata.str1.1
                0x0080068b      0x16d USERS.o
 *(.gnu.linkonce.r*)
                0x008007f8                . = ALIGN (0x2)
                0x008007f8                _edata = .
                0x008007f8                PROVIDE (__data_end, .)

.bss            0x008007f8       0x2e
                0x008007f8                PROVIDE (__bss_start, .)
 *(.bss)
 *(.bss*)
 .bss.DigitalValue.1628
                0x008007f8        0x2 DCM_program_1.o
 .bss.glbl_u8DoorStatus
                0x008007fa        0x1 HC05_Program.o
 .bss.glbl_u8DimmingLEDStatus
                0x008007fb        0x1 HC05_Program.o
 .bss.glbl_u8UserPasswordWrongCount
                0x008007fc        0x1 HC05_Program.o
 .bss.glbl_u8LEDChoice
                0x008007fd        0x1 HC05_Program.o
 .bss.glbl_u8CurrentScreen
                0x008007fe        0x1 HC05_Program.o
 .bss.glbl_u8PreviousScreen
                0x008007ff        0x1 HC05_Program.o
 .bss.glbl_u8AdminUserPassword
                0x00800800        0x5 HC05_Program.o
 .bss.glbl_u8AdminUserUsername
                0x00800805        0x6 HC05_Program.o
 .bss.glbl_u8AdminUserChoice
                0x0080080b        0x3 HC05_Program.o
 .bss.glbl_u8UserMode
                0x0080080e        0x1 HC05_Program.o
 .bss.glbl_u8AdminMode
                0x0080080f        0x1 HC05_Program.o
 .bss.TMR_Timer2_CTC_PCallBack
                0x00800810        0x2 TMR_Program.o
 .bss.TMR_Timer2_OVF_PCallBack
                0x00800812        0x2 TMR_Program.o
 .bss.TMR_Timer1_CTC1B_PCallBack
                0x00800814        0x2 TMR_Program.o
 .bss.TMR_Timer1_CTC1A_PCallBack
                0x00800816        0x2 TMR_Program.o
 .bss.TMR_Timer1_OVF_PCallBack
                0x00800818        0x2 TMR_Program.o
 .bss.TMR_Timer0_OVF_PCallBack
                0x0080081a        0x2 TMR_Program.o
 .bss.TMR_Timer0_CTC_PCallBack
                0x0080081c        0x2 TMR_Program.o
 .bss.UART_DataRegEmpty_PCallback
                0x0080081e        0x2 UART_Program.o
 .bss.UART_RxComplete_PCallback
                0x00800820        0x2 UART_Program.o
 .bss.UART_TxComplete_PCallback
                0x00800822        0x2 UART_Program.o
 .bss.buzzer_check
                0x00800824        0x1 USERS.o
                0x00800824                buzzer_check
 .bss.user_exist
                0x00800825        0x1 USERS.o
                0x00800825                user_exist
 *(COMMON)
                0x00800826                PROVIDE (__bss_end, .)
                0x000021ea                __data_load_start = LOADADDR (.data)
                0x00002982                __data_load_end = (__data_load_start + SIZEOF (.data))

.noinit         0x00800826        0x0
                [!provide]                PROVIDE (__noinit_start, .)
 *(.noinit*)
                [!provide]                PROVIDE (__noinit_end, .)
                0x00800826                _end = .
                [!provide]                PROVIDE (__heap_start, .)

.eeprom         0x00810000        0x0
 *(.eeprom*)
                0x00810000                __eeprom_end = .

.fuse
 *(.fuse)
 *(.lfuse)
 *(.hfuse)
 *(.efuse)

.lock
 *(.lock*)

.signature
 *(.signature*)

.user_signatures
 *(.user_signatures*)

.stab
 *(.stab)

.stabstr
 *(.stabstr)

.stab.excl
 *(.stab.excl)

.stab.exclstr
 *(.stab.exclstr)

.stab.index
 *(.stab.index)

.stab.indexstr
 *(.stab.indexstr)

.comment        0x00000000       0x30
 *(.comment)
 .comment       0x00000000       0x30 ADC_Program.o
                                 0x31 (size before relaxing)
 .comment       0x00000030       0x31 BUZZER_Program.o
 .comment       0x00000030       0x31 DCM_program_1.o
 .comment       0x00000030       0x31 DIO_Program.o
 .comment       0x00000030       0x31 GI_Program.o
 .comment       0x00000030       0x31 HC05_Program.o
 .comment       0x00000030       0x31 Internal_EEPROM_Program.o
 .comment       0x00000030       0x31 KPD_Program.o
 .comment       0x00000030       0x31 LCD_Program.o
 .comment       0x00000030       0x31 LED_Program.o
 .comment       0x00000030       0x31 main.o
 .comment       0x00000030       0x31 SRVM_Program.o
 .comment       0x00000030       0x31 TMR_Program.o
 .comment       0x00000030       0x31 UART_Program.o
 .comment       0x00000030       0x31 USERS.o

.note.gnu.avr.deviceinfo
                0x00000000       0x3c
 .note.gnu.avr.deviceinfo
                0x00000000       0x3c D:/Atmel Studio/7.0/Packs/atmel/ATmega_DFP/1.7.374/gcc/dev/atmega32/avr5/crtatmega32.o

.note.gnu.build-id
 *(.note.gnu.build-id)

.debug
 *(.debug)

.line
 *(.line)

.debug_srcinfo
 *(.debug_srcinfo)

.debug_sfnames
 *(.debug_sfnames)

.debug_aranges
 *(.debug_aranges)

.debug_pubnames
 *(.debug_pubnames)

.debug_info     0x00000000      0x4e6
 *(.debug_info .gnu.linkonce.wi.*)
 .debug_info    0x00000000      0x4e6 D:/Atmel Studio/7.0/Packs/atmel/ATmega_DFP/1.7.374/gcc/dev/atmega32/avr5/crtatmega32.o

.debug_abbrev   0x00000000      0x4a3
 *(.debug_abbrev)
 .debug_abbrev  0x00000000      0x4a3 D:/Atmel Studio/7.0/Packs/atmel/ATmega_DFP/1.7.374/gcc/dev/atmega32/avr5/crtatmega32.o

.debug_line     0x00000000      0x116
 *(.debug_line .debug_line.* .debug_line_end)
 .debug_line    0x00000000      0x116 D:/Atmel Studio/7.0/Packs/atmel/ATmega_DFP/1.7.374/gcc/dev/atmega32/avr5/crtatmega32.o

.debug_frame
 *(.debug_frame)

.debug_str      0x00000000      0x196
 *(.debug_str)
 .debug_str     0x00000000      0x196 D:/Atmel Studio/7.0/Packs/atmel/ATmega_DFP/1.7.374/gcc/dev/atmega32/avr5/crtatmega32.o

.debug_loc
 *(.debug_loc)

.debug_macinfo
 *(.debug_macinfo)

.debug_weaknames
 *(.debug_weaknames)

.debug_funcnames
 *(.debug_funcnames)

.debug_typenames
 *(.debug_typenames)

.debug_varnames
 *(.debug_varnames)

.debug_pubtypes
 *(.debug_pubtypes)

.debug_ranges
 *(.debug_ranges)

.debug_macro
 *(.debug_macro)
OUTPUT(Final_Project.elf elf32-avr)
LOAD linker stubs
