Archive member included to satisfy reference by file (symbol)

d:/atmel studio/7.0/toolchain/avr8/avr8-gnu-toolchain/bin/../lib/gcc/avr/5.4.0/avr5\libgcc.a(_udivmodsi4.o)
                              LCD_Program.o (__udivmodsi4)
d:/atmel studio/7.0/toolchain/avr8/avr8-gnu-toolchain/bin/../lib/gcc/avr/5.4.0/avr5\libgcc.a(_exit.o)
                              D:/Atmel Studio/7.0/Packs/atmel/ATmega_DFP/1.7.374/gcc/dev/atmega32/avr5/crtatmega32.o (exit)
d:/atmel studio/7.0/toolchain/avr8/avr8-gnu-toolchain/bin/../lib/gcc/avr/5.4.0/avr5\libgcc.a(_tablejump2.o)
                              HC05_Program.o (__tablejump2__)
d:/atmel studio/7.0/toolchain/avr8/avr8-gnu-toolchain/bin/../lib/gcc/avr/5.4.0/avr5\libgcc.a(_copy_data.o)
                              HC05_Program.o (__do_copy_data)
d:/atmel studio/7.0/toolchain/avr8/avr8-gnu-toolchain/bin/../lib/gcc/avr/5.4.0/avr5\libgcc.a(_clear_bss.o)
                              DCM_program_1.o (__do_clear_bss)
d:/atmel studio/7.0/toolchain/avr8/avr8-gnu-toolchain/bin/../lib/gcc/avr/5.4.0/avr5\libgcc.a(_umulhisi3.o)
                              DCM_program_1.o (__umulhisi3)

Discarded input sections

 .data          0x00000000        0x0 D:/Atmel Studio/7.0/Packs/atmel/ATmega_DFP/1.7.374/gcc/dev/atmega32/avr5/crtatmega32.o
 .bss           0x00000000        0x0 D:/Atmel Studio/7.0/Packs/atmel/ATmega_DFP/1.7.374/gcc/dev/atmega32/avr5/crtatmega32.o
 .text          0x00000000        0x0 ADC_Program.o
 .data          0x00000000        0x0 ADC_Program.o
 .bss           0x00000000        0x0 ADC_Program.o
 .text          0x00000000        0x0 BUZZER_Program.o
 .data          0x00000000        0x0 BUZZER_Program.o
 .bss           0x00000000        0x0 BUZZER_Program.o
 .text.BUZZER_Init
                0x00000000        0xc BUZZER_Program.o
 .text          0x00000000        0x0 DCM_program_1.o
 .data          0x00000000        0x0 DCM_program_1.o
 .bss           0x00000000        0x0 DCM_program_1.o
 .text.AC_On    0x00000000       0x16 DCM_program_1.o
 .text.AC_Off   0x00000000       0x16 DCM_program_1.o
 .text          0x00000000        0x0 DIO_Program.o
 .data          0x00000000        0x0 DIO_Program.o
 .bss           0x00000000        0x0 DIO_Program.o
 .text.DIO_TogglePinValue
                0x00000000       0x70 DIO_Program.o
 .text.DIO_ReadPortRegister
                0x00000000       0x3a DIO_Program.o
 .text.DIO_ReadPinRegister
                0x00000000       0x3a DIO_Program.o
 .text.DIO_ReadDDRRegister
                0x00000000       0x3a DIO_Program.o
 .text          0x00000000        0x0 GI_Program.o
 .data          0x00000000        0x0 GI_Program.o
 .bss           0x00000000        0x0 GI_Program.o
 .text.GI_Disable
                0x00000000        0x8 GI_Program.o
 .text          0x00000000        0x0 HC05_Program.o
 .data          0x00000000        0x0 HC05_Program.o
 .bss           0x00000000        0x0 HC05_Program.o
 .text          0x00000000        0x0 Internal_EEPROM_Program.o
 .data          0x00000000        0x0 Internal_EEPROM_Program.o
 .bss           0x00000000        0x0 Internal_EEPROM_Program.o
 .text          0x00000000        0x0 KPD_Program.o
 .data          0x00000000        0x0 KPD_Program.o
 .bss           0x00000000        0x0 KPD_Program.o
 .text          0x00000000        0x0 LCD_Program.o
 .data          0x00000000        0x0 LCD_Program.o
 .bss           0x00000000        0x0 LCD_Program.o
 .text.LCD_WriteIntegerValue
                0x00000000       0xaa LCD_Program.o
 .text          0x00000000        0x0 LED_Program.o
 .data          0x00000000        0x0 LED_Program.o
 .bss           0x00000000        0x0 LED_Program.o
 .text.LED_Toggle
                0x00000000       0x52 LED_Program.o
 .text          0x00000000        0x0 main.o
 .data          0x00000000        0x0 main.o
 .bss           0x00000000        0x0 main.o
 .text          0x00000000        0x0 SRVM_Program.o
 .data          0x00000000        0x0 SRVM_Program.o
 .bss           0x00000000        0x0 SRVM_Program.o
 .text          0x00000000        0x0 TMR_Program.o
 .data          0x00000000        0x0 TMR_Program.o
 .bss           0x00000000        0x0 TMR_Program.o
 .text.TMR_Timer0Init
                0x00000000       0x14 TMR_Program.o
 .text.TMR_Timer0Start
                0x00000000       0x14 TMR_Program.o
 .text.TMR_Timer0Stop
                0x00000000       0x14 TMR_Program.o
 .text.TMR_Timer0SetPreloadValue
                0x00000000        0x4 TMR_Program.o
 .text.TMR_Timer0SetCompareMatchValue
                0x00000000        0x4 TMR_Program.o
 .text.TMR_Timer0Set_PWM_DutyCycle
                0x00000000       0x24 TMR_Program.o
 .text.TMR_Timer0_CTC_SetCallBack
                0x00000000        0xe TMR_Program.o
 .text.TMR_Timer0_OVF_SetCallBack
                0x00000000        0xe TMR_Program.o
 .text.TMR_Timer1SetCompareMatchValue
                0x00000000       0x16 TMR_Program.o
 .text.TMR_Timer1_OVF1_SetCallBack
                0x00000000        0xe TMR_Program.o
 .text.TMR_Timer1_CTC1A_SetCallBack
                0x00000000        0xe TMR_Program.o
 .text.TMR_Timer1_CTC1B_SetCallBack
                0x00000000        0xe TMR_Program.o
 .text.TMR_Timer2SetCompareMatchValue
                0x00000000        0x4 TMR_Program.o
 .text.TMR_Timer2SetPreloadValue
                0x00000000        0x4 TMR_Program.o
 .text.TMR_Timer2_CTC_SetCallBack
                0x00000000        0xe TMR_Program.o
 .text.TMR_Timer2_OVF_SetCallBack
                0x00000000        0xe TMR_Program.o
 .text          0x00000000        0x0 UART_Program.o
 .data          0x00000000        0x0 UART_Program.o
 .bss           0x00000000        0x0 UART_Program.o
 .text.UART_TxCharAsynchronous
                0x00000000        0x4 UART_Program.o
 .text.UART_RxCharAsynchronous
                0x00000000        0xc UART_Program.o
 .text.UART_TxCompleteSetCallback
                0x00000000        0xe UART_Program.o
 .text.UART_DataRegEmptySetCallback
                0x00000000        0xe UART_Program.o
 .text          0x00000000        0x0 USERS.o
 .data          0x00000000        0x0 USERS.o
 .bss           0x00000000        0x0 USERS.o
 .text.USER_EXIST
                0x00000000        0x6 USERS.o
 .text          0x00000000        0x0 d:/atmel studio/7.0/toolchain/avr8/avr8-gnu-toolchain/bin/../lib/gcc/avr/5.4.0/avr5\libgcc.a(_udivmodsi4.o)
 .data          0x00000000        0x0 d:/atmel studio/7.0/toolchain/avr8/avr8-gnu-toolchain/bin/../lib/gcc/avr/5.4.0/avr5\libgcc.a(_udivmodsi4.o)
 .bss           0x00000000        0x0 d:/atmel studio/7.0/toolchain/avr8/avr8-gnu-toolchain/bin/../lib/gcc/avr/5.4.0/avr5\libgcc.a(_udivmodsi4.o)
 .text.libgcc.mul
                0x00000000        0x0 d:/atmel studio/7.0/toolchain/avr8/avr8-gnu-toolchain/bin/../lib/gcc/avr/5.4.0/avr5\libgcc.a(_udivmodsi4.o)
 .text.libgcc   0x00000000        0x0 d:/atmel studio/7.0/toolchain/avr8/avr8-gnu-toolchain/bin/../lib/gcc/avr/5.4.0/avr5\libgcc.a(_udivmodsi4.o)
 .text.libgcc.prologue
                0x00000000        0x0 d:/atmel studio/7.0/toolchain/avr8/avr8-gnu-toolchain/bin/../lib/gcc/avr/5.4.0/avr5\libgcc.a(_udivmodsi4.o)
 .text.libgcc.builtins
                0x00000000        0x0 d:/atmel studio/7.0/toolchain/avr8/avr8-gnu-toolchain/bin/../lib/gcc/avr/5.4.0/avr5\libgcc.a(_udivmodsi4.o)
 .text.libgcc.fmul
                0x00000000        0x0 d:/atmel studio/7.0/toolchain/avr8/avr8-gnu-toolchain/bin/../lib/gcc/avr/5.4.0/avr5\libgcc.a(_udivmodsi4.o)
 .text.libgcc.fixed
                0x00000000        0x0 d:/atmel studio/7.0/toolchain/avr8/avr8-gnu-toolchain/bin/../lib/gcc/avr/5.4.0/avr5\libgcc.a(_udivmodsi4.o)
 .text          0x00000000        0x0 d:/atmel studio/7.0/toolchain/avr8/avr8-gnu-toolchain/bin/../lib/gcc/avr/5.4.0/avr5\libgcc.a(_exit.o)
 .data          0x00000000        0x0 d:/atmel studio/7.0/toolchain/avr8/avr8-gnu-toolchain/bin/../lib/gcc/avr/5.4.0/avr5\libgcc.a(_exit.o)
 .bss           0x00000000        0x0 d:/atmel studio/7.0/toolchain/avr8/avr8-gnu-toolchain/bin/../lib/gcc/avr/5.4.0/avr5\libgcc.a(_exit.o)
 .text.libgcc.mul
                0x00000000        0x0 d:/atmel studio/7.0/toolchain/avr8/avr8-gnu-toolchain/bin/../lib/gcc/avr/5.4.0/avr5\libgcc.a(_exit.o)
 .text.libgcc.div
                0x00000000        0x0 d:/atmel studio/7.0/toolchain/avr8/avr8-gnu-toolchain/bin/../lib/gcc/avr/5.4.0/avr5\libgcc.a(_exit.o)
 .text.libgcc   0x00000000        0x0 d:/atmel studio/7.0/toolchain/avr8/avr8-gnu-toolchain/bin/../lib/gcc/avr/5.4.0/avr5\libgcc.a(_exit.o)
 .text.libgcc.prologue
                0x00000000        0x0 d:/atmel studio/7.0/toolchain/avr8/avr8-gnu-toolchain/bin/../lib/gcc/avr/5.4.0/avr5\libgcc.a(_exit.o)
 .text.libgcc.builtins
                0x00000000        0x0 d:/atmel studio/7.0/toolchain/avr8/avr8-gnu-toolchain/bin/../lib/gcc/avr/5.4.0/avr5\libgcc.a(_exit.o)
 .text.libgcc.fmul
                0x00000000        0x0 d:/atmel studio/7.0/toolchain/avr8/avr8-gnu-toolchain/bin/../lib/gcc/avr/5.4.0/avr5\libgcc.a(_exit.o)
 .text.libgcc.fixed
                0x00000000        0x0 d:/atmel studio/7.0/toolchain/avr8/avr8-gnu-toolchain/bin/../lib/gcc/avr/5.4.0/avr5\libgcc.a(_exit.o)
 .text          0x00000000        0x0 d:/atmel studio/7.0/toolchain/avr8/avr8-gnu-toolchain/bin/../lib/gcc/avr/5.4.0/avr5\libgcc.a(_tablejump2.o)
 .data          0x00000000        0x0 d:/atmel studio/7.0/toolchain/avr8/avr8-gnu-toolchain/bin/../lib/gcc/avr/5.4.0/avr5\libgcc.a(_tablejump2.o)
 .bss           0x00000000        0x0 d:/atmel studio/7.0/toolchain/avr8/avr8-gnu-toolchain/bin/../lib/gcc/avr/5.4.0/avr5\libgcc.a(_tablejump2.o)
 .text.libgcc.mul
                0x00000000        0x0 d:/atmel studio/7.0/toolchain/avr8/avr8-gnu-toolchain/bin/../lib/gcc/avr/5.4.0/avr5\libgcc.a(_tablejump2.o)
 .text.libgcc.div
                0x00000000        0x0 d:/atmel studio/7.0/toolchain/avr8/avr8-gnu-toolchain/bin/../lib/gcc/avr/5.4.0/avr5\libgcc.a(_tablejump2.o)
 .text.libgcc.prologue
                0x00000000        0x0 d:/atmel studio/7.0/toolchain/avr8/avr8-gnu-toolchain/bin/../lib/gcc/avr/5.4.0/avr5\libgcc.a(_tablejump2.o)
 .text.libgcc.builtins
                0x00000000        0x0 d:/atmel studio/7.0/toolchain/avr8/avr8-gnu-toolchain/bin/../lib/gcc/avr/5.4.0/avr5\libgcc.a(_tablejump2.o)
 .text.libgcc.fmul
                0x00000000        0x0 d:/atmel studio/7.0/toolchain/avr8/avr8-gnu-toolchain/bin/../lib/gcc/avr/5.4.0/avr5\libgcc.a(_tablejump2.o)
 .text.libgcc.fixed
                0x00000000        0x0 d:/atmel studio/7.0/toolchain/avr8/avr8-gnu-toolchain/bin/../lib/gcc/avr/5.4.0/avr5\libgcc.a(_tablejump2.o)
 .text          0x00000000        0x0 d:/atmel studio/7.0/toolchain/avr8/avr8-gnu-toolchain/bin/../lib/gcc/avr/5.4.0/avr5\libgcc.a(_copy_data.o)
 .data          0x00000000        0x0 d:/atmel studio/7.0/toolchain/avr8/avr8-gnu-toolchain/bin/../lib/gcc/avr/5.4.0/avr5\libgcc.a(_copy_data.o)
 .bss           0x00000000        0x0 d:/atmel studio/7.0/toolchain/avr8/avr8-gnu-toolchain/bin/../lib/gcc/avr/5.4.0/avr5\libgcc.a(_copy_data.o)
 .text.libgcc.mul
                0x00000000        0x0 d:/atmel studio/7.0/toolchain/avr8/avr8-gnu-toolchain/bin/../lib/gcc/avr/5.4.0/avr5\libgcc.a(_copy_data.o)
 .text.libgcc.div
                0x00000000        0x0 d:/atmel studio/7.0/toolchain/avr8/avr8-gnu-toolchain/bin/../lib/gcc/avr/5.4.0/avr5\libgcc.a(_copy_data.o)
 .text.libgcc   0x00000000        0x0 d:/atmel studio/7.0/toolchain/avr8/avr8-gnu-toolchain/bin/../lib/gcc/avr/5.4.0/avr5\libgcc.a(_copy_data.o)
 .text.libgcc.prologue
                0x00000000        0x0 d:/atmel studio/7.0/toolchain/avr8/avr8-gnu-toolchain/bin/../lib/gcc/avr/5.4.0/avr5\libgcc.a(_copy_data.o)
 .text.libgcc.builtins
                0x00000000        0x0 d:/atmel studio/7.0/toolchain/avr8/avr8-gnu-toolchain/bin/../lib/gcc/avr/5.4.0/avr5\libgcc.a(_copy_data.o)
 .text.libgcc.fmul
                0x00000000        0x0 d:/atmel studio/7.0/toolchain/avr8/avr8-gnu-toolchain/bin/../lib/gcc/avr/5.4.0/avr5\libgcc.a(_copy_data.o)
 .text.libgcc.fixed
                0x00000000        0x0 d:/atmel studio/7.0/toolchain/avr8/avr8-gnu-toolchain/bin/../lib/gcc/avr/5.4.0/avr5\libgcc.a(_copy_data.o)
 .text          0x00000000        0x0 d:/atmel studio/7.0/toolchain/avr8/avr8-gnu-toolchain/bin/../lib/gcc/avr/5.4.0/avr5\libgcc.a(_clear_bss.o)
 .data          0x00000000        0x0 d:/atmel studio/7.0/toolchain/avr8/avr8-gnu-toolchain/bin/../lib/gcc/avr/5.4.0/avr5\libgcc.a(_clear_bss.o)
 .bss           0x00000000        0x0 d:/atmel studio/7.0/toolchain/avr8/avr8-gnu-toolchain/bin/../lib/gcc/avr/5.4.0/avr5\libgcc.a(_clear_bss.o)
 .text.libgcc.mul
                0x00000000        0x0 d:/atmel studio/7.0/toolchain/avr8/avr8-gnu-toolchain/bin/../lib/gcc/avr/5.4.0/avr5\libgcc.a(_clear_bss.o)
 .text.libgcc.div
                0x00000000        0x0 d:/atmel studio/7.0/toolchain/avr8/avr8-gnu-toolchain/bin/../lib/gcc/avr/5.4.0/avr5\libgcc.a(_clear_bss.o)
 .text.libgcc   0x00000000        0x0 d:/atmel studio/7.0/toolchain/avr8/avr8-gnu-toolchain/bin/../lib/gcc/avr/5.4.0/avr5\libgcc.a(_clear_bss.o)
 .text.libgcc.prologue
                0x00000000        0x0 d:/atmel studio/7.0/toolchain/avr8/avr8-gnu-toolchain/bin/../lib/gcc/avr/5.4.0/avr5\libgcc.a(_clear_bss.o)
 .text.libgcc.builtins
                0x00000000        0x0 d:/atmel studio/7.0/toolchain/avr8/avr8-gnu-toolchain/bin/../lib/gcc/avr/5.4.0/avr5\libgcc.a(_clear_bss.o)
 .text.libgcc.fmul
                0x00000000        0x0 d:/atmel studio/7.0/toolchain/avr8/avr8-gnu-toolchain/bin/../lib/gcc/avr/5.4.0/avr5\libgcc.a(_clear_bss.o)
 .text.libgcc.fixed
                0x00000000        0x0 d:/atmel studio/7.0/toolchain/avr8/avr8-gnu-toolchain/bin/../lib/gcc/avr/5.4.0/avr5\libgcc.a(_clear_bss.o)
 .text          0x00000000        0x0 d:/atmel studio/7.0/toolchain/avr8/avr8-gnu-toolchain/bin/../lib/gcc/avr/5.4.0/avr5\libgcc.a(_umulhisi3.o)
 .data          0x00000000        0x0 d:/atmel studio/7.0/toolchain/avr8/avr8-gnu-toolchain/bin/../lib/gcc/avr/5.4.0/avr5\libgcc.a(_umulhisi3.o)
 .bss           0x00000000        0x0 d:/atmel studio/7.0/toolchain/avr8/avr8-gnu-toolchain/bin/../lib/gcc/avr/5.4.0/avr5\libgcc.a(_umulhisi3.o)
 .text.libgcc.div
                0x00000000        0x0 d:/atmel studio/7.0/toolchain/avr8/avr8-gnu-toolchain/bin/../lib/gcc/avr/5.4.0/avr5\libgcc.a(_umulhisi3.o)
 .text.libgcc   0x00000000        0x0 d:/atmel studio/7.0/toolchain/avr8/avr8-gnu-toolchain/bin/../lib/gcc/avr/5.4.0/avr5\libgcc.a(_umulhisi3.o)
 .text.libgcc.prologue
                0x00000000        0x0 d:/atmel studio/7.0/toolchain/avr8/avr8-gnu-toolchain/bin/../lib/gcc/avr/5.4.0/avr5\libgcc.a(_umulhisi3.o)
 .text.libgcc.builtins
                0x00000000        0x0 d:/atmel studio/7.0/toolchain/avr8/avr8-gnu-toolchain/bin/../lib/gcc/avr/5.4.0/avr5\libgcc.a(_umulhisi3.o)
 .text.libgcc.fmul
                0x00000000        0x0 d:/atmel studio/7.0/toolchain/avr8/avr8-gnu-toolchain/bin/../lib/gcc/avr/5.4.0/avr5\libgcc.a(_umulhisi3.o)
 .text.libgcc.fixed
                0x00000000        0x0 d:/atmel studio/7.0/toolchain/avr8/avr8-gnu-toolchain/bin/../lib/gcc/avr/5.4.0/avr5\libgcc.a(_umulhisi3.o)

Memory Configuration

Name             Origin             Length             Attributes
text             0x00000000         0x00008000         xr
data             0x00800060         0x00000800         rw !x
eeprom           0x00810000         0x00000400         rw !x
fuse             0x00820000         0x00000002         rw !x
lock             0x00830000         0x00000400         rw !x
signature        0x00840000         0x00000400         rw !x
user_signatures  0x00850000         0x00000400         rw !x
*default*        0x00000000         0xffffffff

Linker script and memory map

LOAD D:/Atmel Studio/7.0/Packs/atmel/ATmega_DFP/1.7.374/gcc/dev/atmega32/avr5/crtatmega32.o
LOAD ADC_Program.o
LOAD BUZZER_Program.o
LOAD DCM_program_1.o
LOAD DIO_Program.o
LOAD GI_Program.o
LOAD HC05_Program.o
LOAD Internal_EEPROM_Program.o
LOAD KPD_Program.o
LOAD LCD_Program.o
LOAD LED_Program.o
LOAD main.o
LOAD SRVM_Program.o
LOAD TMR_Program.o
LOAD UART_Program.o
LOAD USERS.o
START GROUP
LOAD d:/atmel studio/7.0/toolchain/avr8/avr8-gnu-toolchain/bin/../lib/gcc/avr/5.4.0/../../../../avr/lib/avr5\libm.a
END GROUP
START GROUP
LOAD d:/atmel studio/7.0/toolchain/avr8/avr8-gnu-toolchain/bin/../lib/gcc/avr/5.4.0/avr5\libgcc.a
LOAD d:/atmel studio/7.0/toolchain/avr8/avr8-gnu-toolchain/bin/../lib/gcc/avr/5.4.0/../../../../avr/lib/avr5\libm.a
LOAD d:/atmel studio/7.0/toolchain/avr8/avr8-gnu-toolchain/bin/../lib/gcc/avr/5.4.0/../../../../avr/lib/avr5\libc.a
LOAD D:/Atmel Studio/7.0/Packs/atmel/ATmega_DFP/1.7.374/gcc/dev/atmega32/avr5\libatmega32.a
END GROUP
                0x00000000                __TEXT_REGION_ORIGIN__ = DEFINED (__TEXT_REGION_ORIGIN__)?__TEXT_REGION_ORIGIN__:0x0
                [0x00800060]                __DATA_REGION_ORIGIN__ = DEFINED (__DATA_REGION_ORIGIN__)?__DATA_REGION_ORIGIN__:0x800060
                [0x00008000]                __TEXT_REGION_LENGTH__ = DEFINED (__TEXT_REGION_LENGTH__)?__TEXT_REGION_LENGTH__:0x20000
                [0x00000800]                __DATA_REGION_LENGTH__ = DEFINED (__DATA_REGION_LENGTH__)?__DATA_REGION_LENGTH__:0xffa0
                [0x00000400]                __EEPROM_REGION_LENGTH__ = DEFINED (__EEPROM_REGION_LENGTH__)?__EEPROM_REGION_LENGTH__:0x10000
                [0x00000002]                __FUSE_REGION_LENGTH__ = DEFINED (__FUSE_REGION_LENGTH__)?__FUSE_REGION_LENGTH__:0x400
                0x00000400                __LOCK_REGION_LENGTH__ = DEFINED (__LOCK_REGION_LENGTH__)?__LOCK_REGION_LENGTH__:0x400
                0x00000400                __SIGNATURE_REGION_LENGTH__ = DEFINED (__SIGNATURE_REGION_LENGTH__)?__SIGNATURE_REGION_LENGTH__:0x400
                0x00000400                __USER_SIGNATURE_REGION_LENGTH__ = DEFINED (__USER_SIGNATURE_REGION_LENGTH__)?__USER_SIGNATURE_REGION_LENGTH__:0x400

.hash
 *(.hash)

.dynsym
 *(.dynsym)

.dynstr
 *(.dynstr)

.gnu.version
 *(.gnu.version)

.gnu.version_d
 *(.gnu.version_d)

.gnu.version_r
 *(.gnu.version_r)

.rel.init
 *(.rel.init)

.rela.init
 *(.rela.init)

.rel.text
 *(.rel.text)
 *(.rel.text.*)
 *(.rel.gnu.linkonce.t*)

.rela.text
 *(.rela.text)
 *(.rela.text.*)
 *(.rela.gnu.linkonce.t*)

.rel.fini
 *(.rel.fini)

.rela.fini
 *(.rela.fini)

.rel.rodata
 *(.rel.rodata)
 *(.rel.rodata.*)
 *(.rel.gnu.linkonce.r*)

.rela.rodata
 *(.rela.rodata)
 *(.rela.rodata.*)
 *(.rela.gnu.linkonce.r*)

.rel.data
 *(.rel.data)
 *(.rel.data.*)
 *(.rel.gnu.linkonce.d*)

.rela.data
 *(.rela.data)
 *(.rela.data.*)
 *(.rela.gnu.linkonce.d*)

.rel.ctors
 *(.rel.ctors)

.rela.ctors
 *(.rela.ctors)

.rel.dtors
 *(.rel.dtors)

.rela.dtors
 *(.rela.dtors)

.rel.got
 *(.rel.got)

.rela.got
 *(.rela.got)

.rel.bss
 *(.rel.bss)

.rela.bss
 *(.rela.bss)

.rel.plt
 *(.rel.plt)

.rela.plt
 *(.rela.plt)

.text           0x00000000     0x259e
 *(.vectors)
 .vectors       0x00000000       0x54 D:/Atmel Studio/7.0/Packs/atmel/ATmega_DFP/1.7.374/gcc/dev/atmega32/avr5/crtatmega32.o
                0x00000000                __vector_default
                0x00000000                __vectors
 *(.vectors)
 *(.progmem.gcc*)
 .progmem.gcc_sw_table.HC05_AdminUserInterface
                0x00000054       0x1a HC05_Program.o
                0x0000006e                . = ALIGN (0x2)
                0x0000006e                __trampolines_start = .
 *(.trampolines)
 .trampolines   0x0000006e        0x0 linker stubs
 *(.trampolines*)
                0x0000006e                __trampolines_end = .
 *libprintf_flt.a:*(.progmem.data)
 *libc.a:*(.progmem.data)
 *(.progmem*)
                0x0000006e                . = ALIGN (0x2)
 *(.jumptables)
 *(.jumptables*)
 *(.lowtext)
 *(.lowtext*)
                0x0000006e                __ctors_start = .
 *(.ctors)
                0x0000006e                __ctors_end = .
                0x0000006e                __dtors_start = .
 *(.dtors)
                0x0000006e                __dtors_end = .
 SORT(*)(.ctors)
 SORT(*)(.dtors)
 *(.init0)
 .init0         0x0000006e        0x0 D:/Atmel Studio/7.0/Packs/atmel/ATmega_DFP/1.7.374/gcc/dev/atmega32/avr5/crtatmega32.o
                0x0000006e                __init
 *(.init0)
 *(.init1)
 *(.init1)
 *(.init2)
 .init2         0x0000006e        0xc D:/Atmel Studio/7.0/Packs/atmel/ATmega_DFP/1.7.374/gcc/dev/atmega32/avr5/crtatmega32.o
 *(.init2)
 *(.init3)
 *(.init3)
 *(.init4)
 .init4         0x0000007a       0x16 d:/atmel studio/7.0/toolchain/avr8/avr8-gnu-toolchain/bin/../lib/gcc/avr/5.4.0/avr5\libgcc.a(_copy_data.o)
                0x0000007a                __do_copy_data
 .init4         0x00000090       0x10 d:/atmel studio/7.0/toolchain/avr8/avr8-gnu-toolchain/bin/../lib/gcc/avr/5.4.0/avr5\libgcc.a(_clear_bss.o)
                0x00000090                __do_clear_bss
 *(.init4)
 *(.init5)
 *(.init5)
 *(.init6)
 *(.init6)
 *(.init7)
 *(.init7)
 *(.init8)
 *(.init8)
 *(.init9)
 .init9         0x000000a0        0x8 D:/Atmel Studio/7.0/Packs/atmel/ATmega_DFP/1.7.374/gcc/dev/atmega32/avr5/crtatmega32.o
 *(.init9)
 *(.text)
 .text          0x000000a8        0x4 D:/Atmel Studio/7.0/Packs/atmel/ATmega_DFP/1.7.374/gcc/dev/atmega32/avr5/crtatmega32.o
                0x000000a8                __vector_1
                0x000000a8                __vector_12
                0x000000a8                __bad_interrupt
                0x000000a8                __vector_6
                0x000000a8                __vector_3
                0x000000a8                __vector_17
                0x000000a8                __vector_19
                0x000000a8                __vector_2
                0x000000a8                __vector_16
                0x000000a8                __vector_18
                0x000000a8                __vector_20
                0x000000ac                . = ALIGN (0x2)
 *(.text.*)
 .text.ADC_Init
                0x000000ac       0x32 ADC_Program.o
                0x000000ac                ADC_Init
 .text.ADC_GetDigitalValue
                0x000000de       0x32 ADC_Program.o
                0x000000de                ADC_GetDigitalValue
 .text.BUZZER_On
                0x00000110        0xc BUZZER_Program.o
                0x00000110                BUZZER_On
 .text.BUZZER_Off
                0x0000011c        0xc BUZZER_Program.o
                0x0000011c                BUZZER_Off
 .text.AC_Auto  0x00000128       0x6c DCM_program_1.o
                0x00000128                AC_Auto
 .text.DIO_SetPinDirection
                0x00000194       0xf6 DIO_Program.o
                0x00000194                DIO_SetPinDirection
 .text.DIO_SetPinValue
                0x0000028a       0xf6 DIO_Program.o
                0x0000028a                DIO_SetPinValue
 .text.DIO_ReadPinValue
                0x00000380       0xf6 DIO_Program.o
                0x00000380                DIO_ReadPinValue
 .text.DIO_ReadOutputPinValue
                0x00000476       0xf6 DIO_Program.o
                0x00000476                DIO_ReadOutputPinValue
 .text.DIO_WriteHalfPort
                0x0000056c       0x5e DIO_Program.o
                0x0000056c                DIO_WriteHalfPort
 .text.DIO_ActivatePullUp
                0x000005ca       0xc6 DIO_Program.o
                0x000005ca                DIO_ActivatePullUp
 .text.DIO_ReadDDRPinValue
                0x00000690       0xf6 DIO_Program.o
                0x00000690                DIO_ReadDDRPinValue
 .text.GI_Enable
                0x00000786        0x8 GI_Program.o
                0x00000786                GI_Enable
 .text.HC05_WelcomeMessage
                0x0000078e       0x20 HC05_Program.o
                0x0000078e                HC05_WelcomeMessage
 .text.HC05_AdminUsernamePasswordSaver
                0x000007ae       0x40 HC05_Program.o
                0x000007ae                HC05_AdminUsernamePasswordSaver
 .text.HC05_UsernamePasswordCheck
                0x000007ee      0x14a HC05_Program.o
                0x000007ee                HC05_UsernamePasswordCheck
 .text.HC05_AdminLoginCheck
                0x00000938        0x6 HC05_Program.o
                0x00000938                HC05_AdminLoginCheck
 .text.HC05_AdminUserChoiceList
                0x0000093e       0x3a HC05_Program.o
                0x0000093e                HC05_AdminUserChoiceList
 .text.HC05_AdminUserLEDChoice
                0x00000978       0x3a HC05_Program.o
                0x00000978                HC05_AdminUserLEDChoice
 .text.HC05_UserNamePasswordExist
                0x000009b2       0x66 HC05_Program.o
                0x000009b2                HC05_UserNamePasswordExist
 .text.HC05_AddNewUser
                0x00000a18       0x74 HC05_Program.o
                0x00000a18                HC05_AddNewUser
 .text.HC05_DeleteUser
                0x00000a8c       0xbc HC05_Program.o
                0x00000a8c                HC05_DeleteUser
 .text.HC05_AdminUserInterface
                0x00000b48      0x590 HC05_Program.o
                0x00000b48                HC05_AdminUserInterface
 .text.HC05_ShowRunningDevices
                0x000010d8      0x12a HC05_Program.o
                0x000010d8                HC05_ShowRunningDevices
 .text.HC05_AdminApproval
                0x00001202       0x22 HC05_Program.o
                0x00001202                HC05_AdminApproval
 .text.HC05_ScreenChangeToAdminResponse
                0x00001224       0x10 HC05_Program.o
                0x00001224                HC05_ScreenChangeToAdminResponse
 .text.Internal_EEPROM_WriteByte
                0x00001234       0x20 Internal_EEPROM_Program.o
                0x00001234                Internal_EEPROM_WriteByte
 .text.Internal_EEPROM_ReadByte
                0x00001254       0x24 Internal_EEPROM_Program.o
                0x00001254                Internal_EEPROM_ReadByte
 .text.KPD_Init
                0x00001278       0x9a KPD_Program.o
                0x00001278                KPD_Init
 .text.KPD_GetValue
                0x00001312      0x10c KPD_Program.o
                0x00001312                KPD_GetValue
 .text.LCD_Peek
                0x0000141e       0x22 LCD_Program.o
                0x0000141e                LCD_Peek
 .text.LCD_WriteCommand4Bit
                0x00001440       0x7a LCD_Program.o
                0x00001440                LCD_WriteCommand4Bit
 .text.LCD_SetCursorPosition
                0x000014ba       0x22 LCD_Program.o
                0x000014ba                LCD_SetCursorPosition
 .text.LCD_WriteChar4Bit
                0x000014dc       0x7a LCD_Program.o
                0x000014dc                LCD_WriteChar4Bit
 .text.LCD_WriteString
                0x00001556       0x2c LCD_Program.o
                0x00001556                LCD_WriteString
 .text.LCD_ClearDisplay
                0x00001582        0x8 LCD_Program.o
                0x00001582                LCD_ClearDisplay
 .text.LCD_Init
                0x0000158a       0xb2 LCD_Program.o
                0x0000158a                LCD_Init
 .text.LED_On   0x0000163c       0x54 LED_Program.o
                0x0000163c                LED_On
 .text.LED_Off  0x00001690       0x54 LED_Program.o
                0x00001690                LED_Off
 .text.main     0x000016e4       0xfe main.o
                0x000016e4                main
 .text.SRVM_Init
                0x000017e2       0x16 SRVM_Program.o
                0x000017e2                SRVM_Init
 .text.SRVM_SetRotationAngle
                0x000017f8       0x9a SRVM_Program.o
                0x000017f8                SRVM_SetRotationAngle
 .text.__vector_10
                0x00001892       0x52 TMR_Program.o
                0x00001892                __vector_10
 .text.__vector_11
                0x000018e4       0x52 TMR_Program.o
                0x000018e4                __vector_11
 .text.TMR_Timer1Init
                0x00001936       0x32 TMR_Program.o
                0x00001936                TMR_Timer1Init
 .text.TMR_Timer1Start
                0x00001968       0x14 TMR_Program.o
                0x00001968                TMR_Timer1Start
 .text.TMR_Timer1Stop
                0x0000197c       0x14 TMR_Program.o
                0x0000197c                TMR_Timer1Stop
 .text.TMR_Timer1SetPWMDutyCycle
                0x00001990       0x48 TMR_Program.o
                0x00001990                TMR_Timer1SetPWMDutyCycle
 .text.TMR_Timer1SetFastPWMFreq
                0x000019d8       0x5c TMR_Program.o
                0x000019d8                TMR_Timer1SetFastPWMFreq
 .text.__vector_7
                0x00001a34       0x52 TMR_Program.o
                0x00001a34                __vector_7
 .text.__vector_8
                0x00001a86       0x52 TMR_Program.o
                0x00001a86                __vector_8
 .text.__vector_9
                0x00001ad8       0x52 TMR_Program.o
                0x00001ad8                __vector_9
 .text.TMR_Timer2Init
                0x00001b2a       0x20 TMR_Program.o
                0x00001b2a                TMR_Timer2Init
 .text.TMR_Timer2Start
                0x00001b4a       0x14 TMR_Program.o
                0x00001b4a                TMR_Timer2Start
 .text.TMR_Timer2Stop
                0x00001b5e       0x14 TMR_Program.o
                0x00001b5e                TMR_Timer2Stop
 .text.TMR_Timer2Set_PWM_DutyCycle
                0x00001b72       0x24 TMR_Program.o
                0x00001b72                TMR_Timer2Set_PWM_DutyCycle
 .text.__vector_4
                0x00001b96       0x52 TMR_Program.o
                0x00001b96                __vector_4
 .text.__vector_5
                0x00001be8       0x52 TMR_Program.o
                0x00001be8                __vector_5
 .text.UART_Init
                0x00001c3a       0x30 UART_Program.o
                0x00001c3a                UART_Init
 .text.UART_TxChar
                0x00001c6a        0x8 UART_Program.o
                0x00001c6a                UART_TxChar
 .text.UART_RxChar
                0x00001c72       0x10 UART_Program.o
                0x00001c72                UART_RxChar
 .text.UART_TxString
                0x00001c82       0x2c UART_Program.o
                0x00001c82                UART_TxString
 .text.UART_RxString
                0x00001cae       0x54 UART_Program.o
                0x00001cae                UART_RxString
 .text.UART_RxCompleteSetCallback
                0x00001d02        0xe UART_Program.o
                0x00001d02                UART_RxCompleteSetCallback
 .text.__vector_13
                0x00001d10       0x52 UART_Program.o
                0x00001d10                __vector_13
 .text.__vector_14
                0x00001d62       0x52 UART_Program.o
                0x00001d62                __vector_14
 .text.__vector_15
                0x00001db4       0x52 UART_Program.o
                0x00001db4                __vector_15
 .text.USER_PROGRAM_START
                0x00001e06       0x38 USERS.o
                0x00001e06                USER_PROGRAM_START
 .text.USER_LOGIN
                0x00001e3e      0x1fe USERS.o
                0x00001e3e                USER_LOGIN
 .text.USER_Control_Leds
                0x0000203c      0x39a USERS.o
                0x0000203c                USER_Control_Leds
 .text.USER_LOGOUT
                0x000023d6       0x24 USERS.o
                0x000023d6                USER_LOGOUT
 .text.USER_PROGRAM
                0x000023fa      0x116 USERS.o
                0x000023fa                USER_PROGRAM
 .text.USER_APP
                0x00002510       0x1c USERS.o
                0x00002510                USER_APP
 .text.libgcc.div
                0x0000252c       0x44 d:/atmel studio/7.0/toolchain/avr8/avr8-gnu-toolchain/bin/../lib/gcc/avr/5.4.0/avr5\libgcc.a(_udivmodsi4.o)
                0x0000252c                __udivmodsi4
 .text.libgcc   0x00002570        0xc d:/atmel studio/7.0/toolchain/avr8/avr8-gnu-toolchain/bin/../lib/gcc/avr/5.4.0/avr5\libgcc.a(_tablejump2.o)
                0x00002570                __tablejump2__
 .text.libgcc.mul
                0x0000257c       0x1e d:/atmel studio/7.0/toolchain/avr8/avr8-gnu-toolchain/bin/../lib/gcc/avr/5.4.0/avr5\libgcc.a(_umulhisi3.o)
                0x0000257c                __umulhisi3
                0x0000259a                . = ALIGN (0x2)
 *(.fini9)
 .fini9         0x0000259a        0x0 d:/atmel studio/7.0/toolchain/avr8/avr8-gnu-toolchain/bin/../lib/gcc/avr/5.4.0/avr5\libgcc.a(_exit.o)
                0x0000259a                _exit
                0x0000259a                exit
 *(.fini9)
 *(.fini8)
 *(.fini8)
 *(.fini7)
 *(.fini7)
 *(.fini6)
 *(.fini6)
 *(.fini5)
 *(.fini5)
 *(.fini4)
 *(.fini4)
 *(.fini3)
 *(.fini3)
 *(.fini2)
 *(.fini2)
 *(.fini1)
 *(.fini1)
 *(.fini0)
 .fini0         0x0000259a        0x4 d:/atmel studio/7.0/toolchain/avr8/avr8-gnu-toolchain/bin/../lib/gcc/avr/5.4.0/avr5\libgcc.a(_exit.o)
 *(.fini0)
                0x0000259e                _etext = .

.data           0x00800060      0x79c load address 0x0000259e
                0x00800060                PROVIDE (__data_start, .)
 *(.data)
 *(.data*)
 .data.glbl_u8AdminApproval
                0x00800060        0x1 HC05_Program.o
 *(.gnu.linkonce.d*)
 *(.rodata)
 .rodata        0x00800061       0x10 KPD_Program.o
 *(.rodata*)
 .rodata.str1.1
                0x00800071      0x5e9 HC05_Program.o
 .rodata.HC05_ADMIN_PASSWRD
                0x0080065a        0x3 HC05_Program.o
 .rodata.KPD_RowsPins
                0x0080065d        0x4 KPD_Program.o
 .rodata.KPD_ColumnsPins
                0x00800661        0x4 KPD_Program.o
 .rodata.str1.1
                0x00800665       0x29 main.o
 .rodata.str1.1
                0x0080068e      0x16d USERS.o
 *(.gnu.linkonce.r*)
                0x008007fc                . = ALIGN (0x2)
 *fill*         0x008007fb        0x1 
                0x008007fc                _edata = .
                0x008007fc                PROVIDE (__data_end, .)

.bss            0x008007fc       0x2e
                0x008007fc                PROVIDE (__bss_start, .)
 *(.bss)
 *(.bss*)
 .bss.DigitalValue.1628
                0x008007fc        0x2 DCM_program_1.o
 .bss.glbl_u8DoorStatus
                0x008007fe        0x1 HC05_Program.o
 .bss.glbl_u8DimmingLEDStatus
                0x008007ff        0x1 HC05_Program.o
 .bss.glbl_u8UserPasswordWrongCount
                0x00800800        0x1 HC05_Program.o
 .bss.glbl_u8LEDChoice
                0x00800801        0x1 HC05_Program.o
 .bss.glbl_u8CurrentScreen
                0x00800802        0x1 HC05_Program.o
 .bss.glbl_u8PreviousScreen
                0x00800803        0x1 HC05_Program.o
 .bss.glbl_u8AdminUserPassword
                0x00800804        0x5 HC05_Program.o
 .bss.glbl_u8AdminUserUsername
                0x00800809        0x6 HC05_Program.o
 .bss.glbl_u8AdminUserChoice
                0x0080080f        0x3 HC05_Program.o
 .bss.glbl_u8UserMode
                0x00800812        0x1 HC05_Program.o
 .bss.glbl_u8AdminMode
                0x00800813        0x1 HC05_Program.o
 .bss.TMR_Timer2_CTC_PCallBack
                0x00800814        0x2 TMR_Program.o
 .bss.TMR_Timer2_OVF_PCallBack
                0x00800816        0x2 TMR_Program.o
 .bss.TMR_Timer1_CTC1B_PCallBack
                0x00800818        0x2 TMR_Program.o
 .bss.TMR_Timer1_CTC1A_PCallBack
                0x0080081a        0x2 TMR_Program.o
 .bss.TMR_Timer1_OVF_PCallBack
                0x0080081c        0x2 TMR_Program.o
 .bss.TMR_Timer0_OVF_PCallBack
                0x0080081e        0x2 TMR_Program.o
 .bss.TMR_Timer0_CTC_PCallBack
                0x00800820        0x2 TMR_Program.o
 .bss.UART_DataRegEmpty_PCallback
                0x00800822        0x2 UART_Program.o
 .bss.UART_RxComplete_PCallback
                0x00800824        0x2 UART_Program.o
 .bss.UART_TxComplete_PCallback
                0x00800826        0x2 UART_Program.o
 .bss.buzzer_check
                0x00800828        0x1 USERS.o
                0x00800828                buzzer_check
 .bss.user_exist
                0x00800829        0x1 USERS.o
                0x00800829                user_exist
 *(COMMON)
                0x0080082a                PROVIDE (__bss_end, .)
                0x0000259e                __data_load_start = LOADADDR (.data)
                0x00002d3a                __data_load_end = (__data_load_start + SIZEOF (.data))

.noinit         0x0080082a        0x0
                [!provide]                PROVIDE (__noinit_start, .)
 *(.noinit*)
                [!provide]                PROVIDE (__noinit_end, .)
                0x0080082a                _end = .
                [!provide]                PROVIDE (__heap_start, .)

.eeprom         0x00810000        0x0
 *(.eeprom*)
                0x00810000                __eeprom_end = .

.fuse
 *(.fuse)
 *(.lfuse)
 *(.hfuse)
 *(.efuse)

.lock
 *(.lock*)

.signature
 *(.signature*)

.user_signatures
 *(.user_signatures*)

.stab
 *(.stab)

.stabstr
 *(.stabstr)

.stab.excl
 *(.stab.excl)

.stab.exclstr
 *(.stab.exclstr)

.stab.index
 *(.stab.index)

.stab.indexstr
 *(.stab.indexstr)

.comment        0x00000000       0x30
 *(.comment)
 .comment       0x00000000       0x30 ADC_Program.o
                                 0x31 (size before relaxing)
 .comment       0x00000030       0x31 BUZZER_Program.o
 .comment       0x00000030       0x31 DCM_program_1.o
 .comment       0x00000030       0x31 DIO_Program.o
 .comment       0x00000030       0x31 GI_Program.o
 .comment       0x00000030       0x31 HC05_Program.o
 .comment       0x00000030       0x31 Internal_EEPROM_Program.o
 .comment       0x00000030       0x31 KPD_Program.o
 .comment       0x00000030       0x31 LCD_Program.o
 .comment       0x00000030       0x31 LED_Program.o
 .comment       0x00000030       0x31 main.o
 .comment       0x00000030       0x31 SRVM_Program.o
 .comment       0x00000030       0x31 TMR_Program.o
 .comment       0x00000030       0x31 UART_Program.o
 .comment       0x00000030       0x31 USERS.o

.note.gnu.avr.deviceinfo
                0x00000000       0x3c
 .note.gnu.avr.deviceinfo
                0x00000000       0x3c D:/Atmel Studio/7.0/Packs/atmel/ATmega_DFP/1.7.374/gcc/dev/atmega32/avr5/crtatmega32.o

.note.gnu.build-id
 *(.note.gnu.build-id)

.debug
 *(.debug)

.line
 *(.line)

.debug_srcinfo
 *(.debug_srcinfo)

.debug_sfnames
 *(.debug_sfnames)

.debug_aranges  0x00000000      0x4a8
 *(.debug_aranges)
 .debug_aranges
                0x00000000       0x28 ADC_Program.o
 .debug_aranges
                0x00000028       0x30 BUZZER_Program.o
 .debug_aranges
                0x00000058       0x30 DCM_program_1.o
 .debug_aranges
                0x00000088       0x70 DIO_Program.o
 .debug_aranges
                0x000000f8       0x28 GI_Program.o
 .debug_aranges
                0x00000120       0x80 HC05_Program.o
 .debug_aranges
                0x000001a0       0x28 Internal_EEPROM_Program.o
 .debug_aranges
                0x000001c8       0x28 KPD_Program.o
 .debug_aranges
                0x000001f0       0x58 LCD_Program.o
 .debug_aranges
                0x00000248       0x30 LED_Program.o
 .debug_aranges
                0x00000278       0x20 main.o
 .debug_aranges
                0x00000298       0x28 SRVM_Program.o
 .debug_aranges
                0x000002c0      0x118 TMR_Program.o
 .debug_aranges
                0x000003d8       0x80 UART_Program.o
 .debug_aranges
                0x00000458       0x50 USERS.o

.debug_pubnames
 *(.debug_pubnames)

.debug_info     0x00000000     0x5703
 *(.debug_info .gnu.linkonce.wi.*)
 .debug_info    0x00000000      0x4e6 D:/Atmel Studio/7.0/Packs/atmel/ATmega_DFP/1.7.374/gcc/dev/atmega32/avr5/crtatmega32.o
 .debug_info    0x000004e6       0xcf ADC_Program.o
 .debug_info    0x000005b5      0x118 BUZZER_Program.o
 .debug_info    0x000006cd      0x209 DCM_program_1.o
 .debug_info    0x000008d6      0x3ac DIO_Program.o
 .debug_info    0x00000c82       0x98 GI_Program.o
 .debug_info    0x00000d1a     0x16cb HC05_Program.o
 .debug_info    0x000023e5       0xf0 Internal_EEPROM_Program.o
 .debug_info    0x000024d5      0x405 KPD_Program.o
 .debug_info    0x000028da      0x949 LCD_Program.o
 .debug_info    0x00003223      0x2ab LED_Program.o
 .debug_info    0x000034ce      0x451 main.o
 .debug_info    0x0000391f      0x185 SRVM_Program.o
 .debug_info    0x00003aa4      0x5bc TMR_Program.o
 .debug_info    0x00004060      0x319 UART_Program.o
 .debug_info    0x00004379     0x138a USERS.o

.debug_abbrev   0x00000000     0x13d4
 *(.debug_abbrev)
 .debug_abbrev  0x00000000      0x4a3 D:/Atmel Studio/7.0/Packs/atmel/ATmega_DFP/1.7.374/gcc/dev/atmega32/avr5/crtatmega32.o
 .debug_abbrev  0x000004a3       0x87 ADC_Program.o
 .debug_abbrev  0x0000052a       0x64 BUZZER_Program.o
 .debug_abbrev  0x0000058e       0x9a DCM_program_1.o
 .debug_abbrev  0x00000628      0x113 DIO_Program.o
 .debug_abbrev  0x0000073b       0x46 GI_Program.o
 .debug_abbrev  0x00000781      0x205 HC05_Program.o
 .debug_abbrev  0x00000986       0x6f Internal_EEPROM_Program.o
 .debug_abbrev  0x000009f5       0xfb KPD_Program.o
 .debug_abbrev  0x00000af0      0x17d LCD_Program.o
 .debug_abbrev  0x00000c6d       0xa5 LED_Program.o
 .debug_abbrev  0x00000d12      0x112 main.o
 .debug_abbrev  0x00000e24       0xcc SRVM_Program.o
 .debug_abbrev  0x00000ef0      0x15c TMR_Program.o
 .debug_abbrev  0x0000104c      0x143 UART_Program.o
 .debug_abbrev  0x0000118f      0x245 USERS.o

.debug_line     0x00000000     0x2dbe
 *(.debug_line .debug_line.* .debug_line_end)
 .debug_line    0x00000000      0x116 D:/Atmel Studio/7.0/Packs/atmel/ATmega_DFP/1.7.374/gcc/dev/atmega32/avr5/crtatmega32.o
 .debug_line    0x00000116       0xc4 ADC_Program.o
 .debug_line    0x000001da       0x88 BUZZER_Program.o
 .debug_line    0x00000262       0xdf DCM_program_1.o
 .debug_line    0x00000341      0x4b7 DIO_Program.o
 .debug_line    0x000007f8       0x6a GI_Program.o
 .debug_line    0x00000862      0xb9b HC05_Program.o
 .debug_line    0x000013fd       0xbb Internal_EEPROM_Program.o
 .debug_line    0x000014b8      0x164 KPD_Program.o
 .debug_line    0x0000161c      0x391 LCD_Program.o
 .debug_line    0x000019ad      0x126 LED_Program.o
 .debug_line    0x00001ad3      0x2cb main.o
 .debug_line    0x00001d9e       0xc1 SRVM_Program.o
 .debug_line    0x00001e5f      0x4ab TMR_Program.o
 .debug_line    0x0000230a      0x258 UART_Program.o
 .debug_line    0x00002562      0x85c USERS.o

.debug_frame    0x00000000      0xca0
 *(.debug_frame)
 .debug_frame   0x00000000       0x34 ADC_Program.o
 .debug_frame   0x00000034       0x44 BUZZER_Program.o
 .debug_frame   0x00000078       0x44 DCM_program_1.o
 .debug_frame   0x000000bc       0xd8 DIO_Program.o
 .debug_frame   0x00000194       0x34 GI_Program.o
 .debug_frame   0x000001c8      0x188 HC05_Program.o
 .debug_frame   0x00000350       0x34 Internal_EEPROM_Program.o
 .debug_frame   0x00000384       0x74 KPD_Program.o
 .debug_frame   0x000003f8       0xd0 LCD_Program.o
 .debug_frame   0x000004c8       0x98 LED_Program.o
 .debug_frame   0x00000560       0x34 main.o
 .debug_frame   0x00000594       0x40 SRVM_Program.o
 .debug_frame   0x000005d4      0x414 TMR_Program.o
 .debug_frame   0x000009e8      0x1ec UART_Program.o
 .debug_frame   0x00000bd4       0xcc USERS.o

.debug_str      0x00000000     0x1315
 *(.debug_str)
 .debug_str     0x00000000      0x196 D:/Atmel Studio/7.0/Packs/atmel/ATmega_DFP/1.7.374/gcc/dev/atmega32/avr5/crtatmega32.o
 .debug_str     0x00000196      0x18a ADC_Program.o
                                0x1b1 (size before relaxing)
 .debug_str     0x00000320       0x5b BUZZER_Program.o
                                0x1b5 (size before relaxing)
 .debug_str     0x0000037b       0x36 DCM_program_1.o
                                0x1d5 (size before relaxing)
 .debug_str     0x000003b1      0x168 DIO_Program.o
                                0x2e6 (size before relaxing)
 .debug_str     0x00000519       0x27 GI_Program.o
                                0x181 (size before relaxing)
 .debug_str     0x00000540      0x47f HC05_Program.o
                                0x612 (size before relaxing)
 .debug_str     0x000009bf       0x50 Internal_EEPROM_Program.o
                                0x1dd (size before relaxing)
 .debug_str     0x00000a0f       0xa8 KPD_Program.o
                                0x265 (size before relaxing)
 .debug_str     0x00000ab7       0xef LCD_Program.o
                                0x323 (size before relaxing)
 .debug_str     0x00000ba6       0x31 LED_Program.o
                                0x200 (size before relaxing)
 .debug_str     0x00000bd7       0x82 main.o
                                0x32e (size before relaxing)
 .debug_str     0x00000c59       0x94 SRVM_Program.o
                                0x21e (size before relaxing)
 .debug_str     0x00000ced      0x372 TMR_Program.o
                                0x577 (size before relaxing)
 .debug_str     0x0000105f      0x1c2 UART_Program.o
                                0x369 (size before relaxing)
 .debug_str     0x00001221       0xf4 USERS.o
                                0x43a (size before relaxing)

.debug_loc      0x00000000     0x2fe0
 *(.debug_loc)
 .debug_loc     0x00000000       0x21 ADC_Program.o
 .debug_loc     0x00000021      0x62d DIO_Program.o
 .debug_loc     0x0000064e      0x5b4 HC05_Program.o
 .debug_loc     0x00000c02       0x58 Internal_EEPROM_Program.o
 .debug_loc     0x00000c5a      0x192 KPD_Program.o
 .debug_loc     0x00000dec      0x7e9 LCD_Program.o
 .debug_loc     0x000015d5      0x22e LED_Program.o
 .debug_loc     0x00001803       0xd8 main.o
 .debug_loc     0x000018db      0x10b SRVM_Program.o
 .debug_loc     0x000019e6      0x6c2 TMR_Program.o
 .debug_loc     0x000020a8      0x3d5 UART_Program.o
 .debug_loc     0x0000247d      0xb63 USERS.o

.debug_macinfo
 *(.debug_macinfo)

.debug_weaknames
 *(.debug_weaknames)

.debug_funcnames
 *(.debug_funcnames)

.debug_typenames
 *(.debug_typenames)

.debug_varnames
 *(.debug_varnames)

.debug_pubtypes
 *(.debug_pubtypes)

.debug_ranges   0x00000000      0x418
 *(.debug_ranges)
 .debug_ranges  0x00000000       0x18 ADC_Program.o
 .debug_ranges  0x00000018       0x20 BUZZER_Program.o
 .debug_ranges  0x00000038       0x20 DCM_program_1.o
 .debug_ranges  0x00000058       0x78 DIO_Program.o
 .debug_ranges  0x000000d0       0x18 GI_Program.o
 .debug_ranges  0x000000e8       0x70 HC05_Program.o
 .debug_ranges  0x00000158       0x18 Internal_EEPROM_Program.o
 .debug_ranges  0x00000170       0x18 KPD_Program.o
 .debug_ranges  0x00000188       0x60 LCD_Program.o
 .debug_ranges  0x000001e8       0x20 LED_Program.o
 .debug_ranges  0x00000208       0x10 main.o
 .debug_ranges  0x00000218       0x18 SRVM_Program.o
 .debug_ranges  0x00000230      0x108 TMR_Program.o
 .debug_ranges  0x00000338       0xa0 UART_Program.o
 .debug_ranges  0x000003d8       0x40 USERS.o

.debug_macro
 *(.debug_macro)
OUTPUT(Final_Project.elf elf32-avr)
LOAD linker stubs
